2026-02-04 21:35:42 [INFO] logger初始化完成
2026-02-04 21:35:42 [INFO] 日志文件保存在: /home/xulifa/change_detection_experiment/logs/CLCD/TALS_CD/20260204_213541_TALS_CD_tiaozhi_248/training_20260204_213542.log
2026-02-04 21:35:42 [INFO] train_batch_size: 16, crop_size: 512, 总批次: 23, 总样本数: 360, 数据集根目录: /home/xulifa/dataset/CLCD
2026-02-04 21:35:42 [INFO] val_batch_size: 16, crop_size: 512, 总批次: 8, 总样本数: 120, 数据集根目录: /home/xulifa/dataset/CLCD
2026-02-04 21:35:42 [INFO] test_batch_size: 16, crop_size: 512, 总批次: 8, 总样本数: 120, 数据集根目录: /home/xulifa/dataset/CLCD
2026-02-04 21:35:42 [INFO] 种子设置为: 3157205004
2026-02-04 21:35:42 [INFO] 使用设备: cuda:0
2026-02-04 21:35:42 [INFO] 未加载检查点，模型参数初始化（先去除）
2026-02-04 21:35:42 [INFO] 使用AdamW优化器
2026-02-04 21:35:42 [INFO] 模型总参数量: 1,909,097,可训练: 1,909,097,冻结: 0
2026-02-04 21:35:54 [INFO] [1/100] train: Loss/train: 0.7103, Acc/train: 88.29%, lr: 0.000067
2026-02-04 21:35:54 [INFO] GPU Reserved: 13344.0MB, GPU Allocated: 78.1MB
2026-02-04 21:35:56 [INFO] [1/100] val: Loss/val: 0.5521, Acc/val: 92.33%, F1/val: 0.00%, IoU/val: 0.00%, lr: 0.000067
2026-02-04 21:35:56 [INFO] [1/100] 用时14.09秒。总用时:0.00小时。预计剩余时间:0.39小时
2026-02-04 21:36:03 [INFO] [2/100] train: Loss/train: 0.6148, Acc/train: 89.62%, lr: 0.000133
2026-02-04 21:36:03 [INFO] GPU Reserved: 13344.0MB, GPU Allocated: 78.1MB
2026-02-04 21:36:04 [INFO] [2/100] val: Loss/val: 0.5164, Acc/val: 90.35%, F1/val: 11.89%, IoU/val: 6.32%, lr: 0.000133
2026-02-04 21:36:04 [INFO] [2/100] 用时8.43秒。总用时:0.01小时。预计剩余时间:0.31小时
2026-02-04 21:36:11 [INFO] [3/100] train: Loss/train: 0.5565, Acc/train: 91.58%, lr: 0.000200
2026-02-04 21:36:11 [INFO] GPU Reserved: 13344.0MB, GPU Allocated: 78.1MB
2026-02-04 21:36:13 [INFO] [3/100] val: Loss/val: 0.4669, Acc/val: 89.96%, F1/val: 28.00%, IoU/val: 16.28%, lr: 0.000200
2026-02-04 21:36:13 [INFO] [3/100] 用时8.58秒。总用时:0.01小时。预计剩余时间:0.28小时
2026-02-04 21:36:20 [INFO] [4/100] train: Loss/train: 0.5112, Acc/train: 92.56%, lr: 0.000267
2026-02-04 21:36:20 [INFO] GPU Reserved: 13344.0MB, GPU Allocated: 78.1MB
2026-02-04 21:36:21 [INFO] [4/100] val: Loss/val: 0.4306, Acc/val: 92.92%, F1/val: 32.68%, IoU/val: 19.53%, lr: 0.000267
2026-02-04 21:36:21 [INFO] [4/100] 用时8.50秒。总用时:0.01小时。预计剩余时间:0.26小时
2026-02-04 21:36:28 [INFO] [5/100] train: Loss/train: 0.4883, Acc/train: 93.21%, lr: 0.000333
2026-02-04 21:36:28 [INFO] GPU Reserved: 13344.0MB, GPU Allocated: 78.1MB
2026-02-04 21:36:30 [INFO] [5/100] val: Loss/val: 0.4259, Acc/val: 93.63%, F1/val: 36.76%, IoU/val: 22.52%, lr: 0.000333
2026-02-04 21:36:30 [INFO] [5/100] 用时8.51秒。总用时:0.01小时。预计剩余时间:0.25小时
2026-02-04 21:36:37 [INFO] [6/100] train: Loss/train: 0.4729, Acc/train: 94.01%, lr: 0.000400
2026-02-04 21:36:37 [INFO] GPU Reserved: 13344.0MB, GPU Allocated: 78.1MB
2026-02-04 21:36:38 [INFO] [6/100] val: Loss/val: 0.4124, Acc/val: 93.88%, F1/val: 37.42%, IoU/val: 23.01%, lr: 0.000400
2026-02-04 21:36:38 [INFO] [6/100] 用时8.52秒。总用时:0.02小时。预计剩余时间:0.25小时
2026-02-04 21:36:45 [INFO] [7/100] train: Loss/train: 0.4598, Acc/train: 94.49%, lr: 0.000467
2026-02-04 21:36:45 [INFO] GPU Reserved: 13344.0MB, GPU Allocated: 78.1MB
2026-02-04 21:36:47 [INFO] [7/100] val: Loss/val: 0.4058, Acc/val: 94.23%, F1/val: 57.23%, IoU/val: 40.09%, lr: 0.000467
2026-02-04 21:36:47 [INFO] [7/100] 用时8.39秒。总用时:0.02小时。预计剩余时间:0.24小时
2026-02-04 21:36:54 [INFO] [8/100] train: Loss/train: 0.4494, Acc/train: 94.50%, lr: 0.000533
2026-02-04 21:36:54 [INFO] GPU Reserved: 13344.0MB, GPU Allocated: 78.1MB
2026-02-04 21:36:55 [INFO] [8/100] val: Loss/val: 0.3953, Acc/val: 94.84%, F1/val: 61.53%, IoU/val: 44.44%, lr: 0.000533
2026-02-04 21:36:55 [INFO] [8/100] 用时8.81秒。总用时:0.02小时。预计剩余时间:0.24小时
2026-02-04 21:37:03 [INFO] [9/100] train: Loss/train: 0.4379, Acc/train: 94.69%, lr: 0.000600
2026-02-04 21:37:03 [INFO] GPU Reserved: 13344.0MB, GPU Allocated: 78.1MB
2026-02-04 21:37:04 [INFO] [9/100] val: Loss/val: 0.4011, Acc/val: 93.79%, F1/val: 59.84%, IoU/val: 42.69%, lr: 0.000600
2026-02-04 21:37:04 [INFO] [9/100] 用时8.53秒。总用时:0.02小时。预计剩余时间:0.23小时
2026-02-04 21:37:11 [INFO] [10/100] train: Loss/train: 0.4236, Acc/train: 94.81%, lr: 0.000667
2026-02-04 21:37:11 [INFO] GPU Reserved: 13344.0MB, GPU Allocated: 78.1MB
2026-02-04 21:37:13 [INFO] [10/100] val: Loss/val: 0.3795, Acc/val: 94.98%, F1/val: 61.36%, IoU/val: 44.26%, lr: 0.000667
2026-02-04 21:37:13 [INFO] [10/100] 用时8.62秒。总用时:0.03小时。预计剩余时间:0.23小时
2026-02-04 21:37:20 [INFO] [11/100] train: Loss/train: 0.4059, Acc/train: 95.49%, lr: 0.000733
2026-02-04 21:37:20 [INFO] GPU Reserved: 13344.0MB, GPU Allocated: 78.1MB
2026-02-04 21:37:21 [INFO] [11/100] val: Loss/val: 0.3615, Acc/val: 95.37%, F1/val: 65.36%, IoU/val: 48.55%, lr: 0.000733
2026-02-04 21:37:21 [INFO] [11/100] 用时8.53秒。总用时:0.03小时。预计剩余时间:0.22小时
2026-02-04 21:37:28 [INFO] [12/100] train: Loss/train: 0.3971, Acc/train: 95.21%, lr: 0.000800
2026-02-04 21:37:28 [INFO] GPU Reserved: 13344.0MB, GPU Allocated: 78.1MB
2026-02-04 21:37:30 [INFO] [12/100] val: Loss/val: 0.3747, Acc/val: 94.09%, F1/val: 62.85%, IoU/val: 45.83%, lr: 0.000800
2026-02-04 21:37:30 [INFO] [12/100] 用时8.47秒。总用时:0.03小时。预计剩余时间:0.22小时
2026-02-04 21:37:37 [INFO] [13/100] train: Loss/train: 0.3850, Acc/train: 95.15%, lr: 0.000867
2026-02-04 21:37:37 [INFO] GPU Reserved: 13344.0MB, GPU Allocated: 78.1MB
2026-02-04 21:37:38 [INFO] [13/100] val: Loss/val: 0.3326, Acc/val: 94.92%, F1/val: 64.65%, IoU/val: 47.76%, lr: 0.000867
2026-02-04 21:37:38 [INFO] [13/100] 用时8.47秒。总用时:0.03小时。预计剩余时间:0.22小时
2026-02-04 21:37:45 [INFO] [14/100] train: Loss/train: 0.3663, Acc/train: 95.49%, lr: 0.000933
2026-02-04 21:37:45 [INFO] GPU Reserved: 13344.0MB, GPU Allocated: 78.1MB
2026-02-04 21:37:47 [INFO] [14/100] val: Loss/val: 0.3207, Acc/val: 95.40%, F1/val: 64.26%, IoU/val: 47.34%, lr: 0.000933
2026-02-04 21:37:47 [INFO] [14/100] 用时8.49秒。总用时:0.03小时。预计剩余时间:0.21小时
2026-02-04 21:37:54 [INFO] [15/100] train: Loss/train: 0.3409, Acc/train: 96.20%, lr: 0.001000
2026-02-04 21:37:54 [INFO] GPU Reserved: 13344.0MB, GPU Allocated: 78.1MB
2026-02-04 21:37:55 [INFO] [15/100] val: Loss/val: 0.3095, Acc/val: 95.36%, F1/val: 62.97%, IoU/val: 45.95%, lr: 0.001000
2026-02-04 21:37:55 [INFO] [15/100] 用时8.49秒。总用时:0.04小时。预计剩余时间:0.21小时
2026-02-04 21:38:02 [INFO] [16/100] train: Loss/train: 0.3267, Acc/train: 96.06%, lr: 0.001000
2026-02-04 21:38:02 [INFO] GPU Reserved: 13344.0MB, GPU Allocated: 78.1MB
2026-02-04 21:38:04 [INFO] [16/100] val: Loss/val: 0.2855, Acc/val: 96.08%, F1/val: 71.38%, IoU/val: 55.50%, lr: 0.001000
2026-02-04 21:38:04 [INFO] [16/100] 用时8.47秒。总用时:0.04小时。预计剩余时间:0.21小时
2026-02-04 21:38:11 [INFO] [17/100] train: Loss/train: 0.3118, Acc/train: 96.14%, lr: 0.000999
2026-02-04 21:38:11 [INFO] GPU Reserved: 13344.0MB, GPU Allocated: 78.1MB
2026-02-04 21:38:12 [INFO] [17/100] val: Loss/val: 0.2836, Acc/val: 95.52%, F1/val: 68.37%, IoU/val: 51.95%, lr: 0.000999
2026-02-04 21:38:12 [INFO] [17/100] 用时8.38秒。总用时:0.04小时。预计剩余时间:0.20小时
2026-02-04 21:38:19 [INFO] [18/100] train: Loss/train: 0.3011, Acc/train: 96.08%, lr: 0.000997
2026-02-04 21:38:19 [INFO] GPU Reserved: 13344.0MB, GPU Allocated: 78.1MB
2026-02-04 21:38:20 [INFO] [18/100] val: Loss/val: 0.2516, Acc/val: 95.89%, F1/val: 67.72%, IoU/val: 51.20%, lr: 0.000997
2026-02-04 21:38:20 [INFO] [18/100] 用时8.47秒。总用时:0.04小时。预计剩余时间:0.20小时
2026-02-04 21:38:28 [INFO] [19/100] train: Loss/train: 0.2870, Acc/train: 96.20%, lr: 0.000995
2026-02-04 21:38:28 [INFO] GPU Reserved: 13344.0MB, GPU Allocated: 78.1MB
2026-02-04 21:38:29 [INFO] [19/100] val: Loss/val: 0.2463, Acc/val: 95.91%, F1/val: 67.95%, IoU/val: 51.45%, lr: 0.000995
2026-02-04 21:38:29 [INFO] [19/100] 用时8.57秒。总用时:0.05小时。预计剩余时间:0.20小时
2026-02-04 21:38:36 [INFO] [20/100] train: Loss/train: 0.2680, Acc/train: 96.59%, lr: 0.000991
2026-02-04 21:38:36 [INFO] GPU Reserved: 13344.0MB, GPU Allocated: 78.1MB
2026-02-04 21:38:38 [INFO] [20/100] val: Loss/val: 0.2416, Acc/val: 95.94%, F1/val: 69.04%, IoU/val: 52.71%, lr: 0.000991
2026-02-04 21:38:38 [INFO] [20/100] 用时8.69秒。总用时:0.05小时。预计剩余时间:0.20小时
2026-02-04 21:38:45 [INFO] [21/100] train: Loss/train: 0.2604, Acc/train: 96.42%, lr: 0.000988
2026-02-04 21:38:45 [INFO] GPU Reserved: 13344.0MB, GPU Allocated: 78.1MB
2026-02-04 21:38:46 [INFO] [21/100] val: Loss/val: 0.2342, Acc/val: 95.46%, F1/val: 68.91%, IoU/val: 52.57%, lr: 0.000988
2026-02-04 21:38:46 [INFO] [21/100] 用时8.64秒。总用时:0.05小时。预计剩余时间:0.19小时
2026-02-04 21:38:53 [INFO] [22/100] train: Loss/train: 0.2466, Acc/train: 96.60%, lr: 0.000983
2026-02-04 21:38:53 [INFO] GPU Reserved: 13344.0MB, GPU Allocated: 78.1MB
2026-02-04 21:38:55 [INFO] [22/100] val: Loss/val: 0.2168, Acc/val: 95.99%, F1/val: 70.61%, IoU/val: 54.58%, lr: 0.000983
2026-02-04 21:38:55 [INFO] [22/100] 用时8.46秒。总用时:0.05小时。预计剩余时间:0.19小时
2026-02-04 21:39:02 [INFO] [23/100] train: Loss/train: 0.2347, Acc/train: 96.70%, lr: 0.000978
2026-02-04 21:39:02 [INFO] GPU Reserved: 13344.0MB, GPU Allocated: 78.1MB
2026-02-04 21:39:04 [INFO] [23/100] val: Loss/val: 0.2144, Acc/val: 95.85%, F1/val: 68.76%, IoU/val: 52.39%, lr: 0.000978
2026-02-04 21:39:04 [INFO] [23/100] 用时8.79秒。总用时:0.06小时。预计剩余时间:0.19小时
2026-02-04 21:39:11 [INFO] [24/100] train: Loss/train: 0.2262, Acc/train: 96.65%, lr: 0.000973
2026-02-04 21:39:11 [INFO] GPU Reserved: 13344.0MB, GPU Allocated: 78.1MB
2026-02-04 21:39:12 [INFO] [24/100] val: Loss/val: 0.2035, Acc/val: 95.63%, F1/val: 70.06%, IoU/val: 53.92%, lr: 0.000973
2026-02-04 21:39:12 [INFO] [24/100] 用时8.50秒。总用时:0.06小时。预计剩余时间:0.19小时
2026-02-04 21:39:19 [INFO] [25/100] train: Loss/train: 0.2132, Acc/train: 96.86%, lr: 0.000966
2026-02-04 21:39:19 [INFO] GPU Reserved: 13344.0MB, GPU Allocated: 78.1MB
2026-02-04 21:39:21 [INFO] [25/100] val: Loss/val: 0.1934, Acc/val: 95.91%, F1/val: 65.98%, IoU/val: 49.23%, lr: 0.000966
2026-02-04 21:39:21 [INFO] [25/100] 用时8.45秒。总用时:0.06小时。预计剩余时间:0.18小时
2026-02-04 21:39:28 [INFO] [26/100] train: Loss/train: 0.2018, Acc/train: 97.10%, lr: 0.000959
2026-02-04 21:39:28 [INFO] GPU Reserved: 13344.0MB, GPU Allocated: 78.1MB
2026-02-04 21:39:29 [INFO] [26/100] val: Loss/val: 0.1930, Acc/val: 95.86%, F1/val: 69.28%, IoU/val: 53.00%, lr: 0.000959
2026-02-04 21:39:29 [INFO] [26/100] 用时8.47秒。总用时:0.06小时。预计剩余时间:0.18小时
2026-02-04 21:39:36 [INFO] [27/100] train: Loss/train: 0.1949, Acc/train: 97.07%, lr: 0.000952
2026-02-04 21:39:36 [INFO] GPU Reserved: 13344.0MB, GPU Allocated: 78.1MB
2026-02-04 21:39:38 [INFO] [27/100] val: Loss/val: 0.1778, Acc/val: 96.38%, F1/val: 73.52%, IoU/val: 58.13%, lr: 0.000952
2026-02-04 21:39:38 [INFO] [27/100] 用时8.64秒。总用时:0.07小时。预计剩余时间:0.18小时
2026-02-04 21:39:45 [INFO] [28/100] train: Loss/train: 0.1868, Acc/train: 97.19%, lr: 0.000943
2026-02-04 21:39:45 [INFO] GPU Reserved: 13344.0MB, GPU Allocated: 78.1MB
2026-02-04 21:39:46 [INFO] [28/100] val: Loss/val: 0.1826, Acc/val: 95.92%, F1/val: 70.32%, IoU/val: 54.23%, lr: 0.000943
2026-02-04 21:39:46 [INFO] [28/100] 用时8.67秒。总用时:0.07小时。预计剩余时间:0.17小时
2026-02-04 21:39:53 [INFO] [29/100] train: Loss/train: 0.1822, Acc/train: 97.10%, lr: 0.000935
2026-02-04 21:39:53 [INFO] GPU Reserved: 13344.0MB, GPU Allocated: 78.1MB
2026-02-04 21:39:55 [INFO] [29/100] val: Loss/val: 0.1704, Acc/val: 96.07%, F1/val: 74.32%, IoU/val: 59.13%, lr: 0.000935
2026-02-04 21:39:55 [INFO] [29/100] 用时8.52秒。总用时:0.07小时。预计剩余时间:0.17小时
2026-02-04 21:40:02 [INFO] [30/100] train: Loss/train: 0.1766, Acc/train: 97.05%, lr: 0.000925
2026-02-04 21:40:02 [INFO] GPU Reserved: 13344.0MB, GPU Allocated: 78.1MB
2026-02-04 21:40:03 [INFO] [30/100] val: Loss/val: 0.1604, Acc/val: 96.15%, F1/val: 72.69%, IoU/val: 57.10%, lr: 0.000925
2026-02-04 21:40:03 [INFO] [30/100] 用时8.52秒。总用时:0.07小时。预计剩余时间:0.17小时
2026-02-04 21:40:11 [INFO] [31/100] train: Loss/train: 0.1768, Acc/train: 97.00%, lr: 0.000915
2026-02-04 21:40:11 [INFO] GPU Reserved: 13344.0MB, GPU Allocated: 78.1MB
2026-02-04 21:40:12 [INFO] [31/100] val: Loss/val: 0.1703, Acc/val: 95.99%, F1/val: 71.01%, IoU/val: 55.05%, lr: 0.000915
2026-02-04 21:40:12 [INFO] [31/100] 用时8.51秒。总用时:0.08小时。预计剩余时间:0.17小时
2026-02-04 21:40:19 [INFO] [32/100] train: Loss/train: 0.1669, Acc/train: 97.19%, lr: 0.000905
2026-02-04 21:40:19 [INFO] GPU Reserved: 13344.0MB, GPU Allocated: 78.1MB
2026-02-04 21:40:20 [INFO] [32/100] val: Loss/val: 0.1616, Acc/val: 95.91%, F1/val: 67.97%, IoU/val: 51.48%, lr: 0.000905
2026-02-04 21:40:20 [INFO] [32/100] 用时8.56秒。总用时:0.08小时。预计剩余时间:0.16小时
2026-02-04 21:40:28 [INFO] [33/100] train: Loss/train: 0.1538, Acc/train: 97.48%, lr: 0.000893
2026-02-04 21:40:28 [INFO] GPU Reserved: 13344.0MB, GPU Allocated: 78.1MB
2026-02-04 21:40:29 [INFO] [33/100] val: Loss/val: 0.1501, Acc/val: 96.27%, F1/val: 71.50%, IoU/val: 55.64%, lr: 0.000893
2026-02-04 21:40:29 [INFO] [33/100] 用时8.58秒。总用时:0.08小时。预计剩余时间:0.16小时
2026-02-04 21:40:36 [INFO] [34/100] train: Loss/train: 0.1494, Acc/train: 97.52%, lr: 0.000882
2026-02-04 21:40:36 [INFO] GPU Reserved: 13344.0MB, GPU Allocated: 78.1MB
2026-02-04 21:40:38 [INFO] [34/100] val: Loss/val: 0.1496, Acc/val: 96.32%, F1/val: 74.61%, IoU/val: 59.50%, lr: 0.000882
2026-02-04 21:40:38 [INFO] [34/100] 用时8.61秒。总用时:0.08小时。预计剩余时间:0.16小时
2026-02-04 21:40:45 [INFO] [35/100] train: Loss/train: 0.1470, Acc/train: 97.46%, lr: 0.000870
2026-02-04 21:40:45 [INFO] GPU Reserved: 13344.0MB, GPU Allocated: 78.1MB
2026-02-04 21:40:46 [INFO] [35/100] val: Loss/val: 0.1467, Acc/val: 96.25%, F1/val: 74.52%, IoU/val: 59.39%, lr: 0.000870
2026-02-04 21:40:46 [INFO] [35/100] 用时8.46秒。总用时:0.08小时。预计剩余时间:0.16小时
2026-02-04 21:40:53 [INFO] [36/100] train: Loss/train: 0.1444, Acc/train: 97.40%, lr: 0.000857
2026-02-04 21:40:53 [INFO] GPU Reserved: 13344.0MB, GPU Allocated: 78.1MB
2026-02-04 21:40:55 [INFO] [36/100] val: Loss/val: 0.1449, Acc/val: 96.35%, F1/val: 75.26%, IoU/val: 60.34%, lr: 0.000857
2026-02-04 21:40:55 [INFO] [36/100] 用时8.55秒。总用时:0.09小时。预计剩余时间:0.15小时
2026-02-04 21:41:02 [INFO] [37/100] train: Loss/train: 0.1414, Acc/train: 97.43%, lr: 0.000844
2026-02-04 21:41:02 [INFO] GPU Reserved: 13344.0MB, GPU Allocated: 78.1MB
2026-02-04 21:41:03 [INFO] [37/100] val: Loss/val: 0.1476, Acc/val: 95.88%, F1/val: 68.42%, IoU/val: 52.00%, lr: 0.000844
2026-02-04 21:41:03 [INFO] [37/100] 用时8.38秒。总用时:0.09小时。预计剩余时间:0.15小时
2026-02-04 21:41:10 [INFO] [38/100] train: Loss/train: 0.1322, Acc/train: 97.74%, lr: 0.000830
2026-02-04 21:41:10 [INFO] GPU Reserved: 13344.0MB, GPU Allocated: 78.1MB
2026-02-04 21:41:11 [INFO] [38/100] val: Loss/val: 0.1323, Acc/val: 96.56%, F1/val: 76.37%, IoU/val: 61.77%, lr: 0.000830
2026-02-04 21:41:11 [INFO] [38/100] 用时8.52秒。总用时:0.09小时。预计剩余时间:0.15小时
2026-02-04 21:41:19 [INFO] [39/100] train: Loss/train: 0.1287, Acc/train: 97.72%, lr: 0.000816
2026-02-04 21:41:19 [INFO] GPU Reserved: 13344.0MB, GPU Allocated: 78.1MB
2026-02-04 21:41:20 [INFO] [39/100] val: Loss/val: 0.1323, Acc/val: 96.40%, F1/val: 74.76%, IoU/val: 59.69%, lr: 0.000816
2026-02-04 21:41:20 [INFO] [39/100] 用时8.65秒。总用时:0.09小时。预计剩余时间:0.15小时
2026-02-04 21:41:27 [INFO] [40/100] train: Loss/train: 0.1317, Acc/train: 97.57%, lr: 0.000801
2026-02-04 21:41:27 [INFO] GPU Reserved: 13344.0MB, GPU Allocated: 78.1MB
2026-02-04 21:41:29 [INFO] [40/100] val: Loss/val: 0.1395, Acc/val: 96.12%, F1/val: 71.65%, IoU/val: 55.83%, lr: 0.000801
2026-02-04 21:41:29 [INFO] [40/100] 用时8.61秒。总用时:0.10小时。预计剩余时间:0.14小时
2026-02-04 21:41:36 [INFO] [41/100] train: Loss/train: 0.1299, Acc/train: 97.56%, lr: 0.000786
2026-02-04 21:41:36 [INFO] GPU Reserved: 13344.0MB, GPU Allocated: 78.1MB
2026-02-04 21:41:37 [INFO] [41/100] val: Loss/val: 0.1285, Acc/val: 96.39%, F1/val: 73.43%, IoU/val: 58.01%, lr: 0.000786
2026-02-04 21:41:37 [INFO] [41/100] 用时8.71秒。总用时:0.10小时。预计剩余时间:0.14小时
2026-02-04 21:41:45 [INFO] [42/100] train: Loss/train: 0.1228, Acc/train: 97.68%, lr: 0.000771
2026-02-04 21:41:45 [INFO] GPU Reserved: 13344.0MB, GPU Allocated: 78.1MB
2026-02-04 21:41:46 [INFO] [42/100] val: Loss/val: 0.1253, Acc/val: 96.53%, F1/val: 74.91%, IoU/val: 59.88%, lr: 0.000771
2026-02-04 21:41:46 [INFO] [42/100] 用时8.51秒。总用时:0.10小时。预计剩余时间:0.14小时
2026-02-04 21:41:53 [INFO] [43/100] train: Loss/train: 0.1129, Acc/train: 97.99%, lr: 0.000755
2026-02-04 21:41:53 [INFO] GPU Reserved: 13344.0MB, GPU Allocated: 78.1MB
2026-02-04 21:41:55 [INFO] [43/100] val: Loss/val: 0.1245, Acc/val: 96.56%, F1/val: 75.27%, IoU/val: 60.35%, lr: 0.000755
2026-02-04 21:41:55 [INFO] [43/100] 用时8.73秒。总用时:0.10小时。预计剩余时间:0.14小时
2026-02-04 21:42:02 [INFO] [44/100] train: Loss/train: 0.1093, Acc/train: 98.05%, lr: 0.000739
2026-02-04 21:42:02 [INFO] GPU Reserved: 13344.0MB, GPU Allocated: 78.1MB
2026-02-04 21:42:03 [INFO] [44/100] val: Loss/val: 0.1271, Acc/val: 96.46%, F1/val: 75.04%, IoU/val: 60.05%, lr: 0.000739
2026-02-04 21:42:03 [INFO] [44/100] 用时8.67秒。总用时:0.11小时。预计剩余时间:0.13小时
2026-02-04 21:42:10 [INFO] [45/100] train: Loss/train: 0.1111, Acc/train: 97.95%, lr: 0.000723
2026-02-04 21:42:10 [INFO] GPU Reserved: 13344.0MB, GPU Allocated: 78.1MB
2026-02-04 21:42:12 [INFO] [45/100] val: Loss/val: 0.1179, Acc/val: 96.74%, F1/val: 77.15%, IoU/val: 62.80%, lr: 0.000723
2026-02-04 21:42:12 [INFO] [45/100] 用时8.50秒。总用时:0.11小时。预计剩余时间:0.13小时
2026-02-04 21:42:19 [INFO] [46/100] train: Loss/train: 0.1058, Acc/train: 98.05%, lr: 0.000706
2026-02-04 21:42:19 [INFO] GPU Reserved: 13344.0MB, GPU Allocated: 78.1MB
2026-02-04 21:42:20 [INFO] [46/100] val: Loss/val: 0.1210, Acc/val: 96.56%, F1/val: 75.12%, IoU/val: 60.16%, lr: 0.000706
2026-02-04 21:42:20 [INFO] [46/100] 用时8.34秒。总用时:0.11小时。预计剩余时间:0.13小时
2026-02-04 21:42:27 [INFO] [47/100] train: Loss/train: 0.1041, Acc/train: 98.07%, lr: 0.000689
2026-02-04 21:42:27 [INFO] GPU Reserved: 13344.0MB, GPU Allocated: 78.1MB
2026-02-04 21:42:29 [INFO] [47/100] val: Loss/val: 0.1262, Acc/val: 96.34%, F1/val: 74.67%, IoU/val: 59.58%, lr: 0.000689
2026-02-04 21:42:29 [INFO] [47/100] 用时8.45秒。总用时:0.11小时。预计剩余时间:0.13小时
2026-02-04 21:42:36 [INFO] [48/100] train: Loss/train: 0.1054, Acc/train: 97.98%, lr: 0.000672
2026-02-04 21:42:36 [INFO] GPU Reserved: 13344.0MB, GPU Allocated: 78.1MB
2026-02-04 21:42:37 [INFO] [48/100] val: Loss/val: 0.1165, Acc/val: 96.71%, F1/val: 75.85%, IoU/val: 61.09%, lr: 0.000672
2026-02-04 21:42:37 [INFO] [48/100] 用时8.45秒。总用时:0.12小时。预计剩余时间:0.13小时
2026-02-04 21:42:44 [INFO] [49/100] train: Loss/train: 0.1027, Acc/train: 98.03%, lr: 0.000655
2026-02-04 21:42:44 [INFO] GPU Reserved: 13344.0MB, GPU Allocated: 78.1MB
2026-02-04 21:42:46 [INFO] [49/100] val: Loss/val: 0.1200, Acc/val: 96.50%, F1/val: 75.82%, IoU/val: 61.06%, lr: 0.000655
2026-02-04 21:42:46 [INFO] [49/100] 用时8.41秒。总用时:0.12小时。预计剩余时间:0.12小时
2026-02-04 21:42:53 [INFO] [50/100] train: Loss/train: 0.0967, Acc/train: 98.17%, lr: 0.000637
2026-02-04 21:42:53 [INFO] GPU Reserved: 13344.0MB, GPU Allocated: 78.1MB
2026-02-04 21:42:54 [INFO] [50/100] val: Loss/val: 0.1191, Acc/val: 96.45%, F1/val: 73.72%, IoU/val: 58.38%, lr: 0.000637
2026-02-04 21:42:54 [INFO] [50/100] 用时8.57秒。总用时:0.12小时。预计剩余时间:0.12小时
2026-02-04 21:43:01 [INFO] [51/100] train: Loss/train: 0.0919, Acc/train: 98.32%, lr: 0.000619
2026-02-04 21:43:01 [INFO] GPU Reserved: 13344.0MB, GPU Allocated: 78.1MB
2026-02-04 21:43:03 [INFO] [51/100] val: Loss/val: 0.1187, Acc/val: 96.56%, F1/val: 75.95%, IoU/val: 61.22%, lr: 0.000619
2026-02-04 21:43:03 [INFO] [51/100] 用时8.56秒。总用时:0.12小时。预计剩余时间:0.12小时
2026-02-04 21:43:10 [INFO] [52/100] train: Loss/train: 0.0889, Acc/train: 98.36%, lr: 0.000601
2026-02-04 21:43:10 [INFO] GPU Reserved: 13344.0MB, GPU Allocated: 78.1MB
2026-02-04 21:43:11 [INFO] [52/100] val: Loss/val: 0.1134, Acc/val: 96.66%, F1/val: 76.61%, IoU/val: 62.08%, lr: 0.000601
2026-02-04 21:43:11 [INFO] [52/100] 用时8.55秒。总用时:0.12小时。预计剩余时间:0.12小时
2026-02-04 21:43:18 [INFO] [53/100] train: Loss/train: 0.0931, Acc/train: 98.21%, lr: 0.000583
2026-02-04 21:43:18 [INFO] GPU Reserved: 13344.0MB, GPU Allocated: 78.1MB
2026-02-04 21:43:20 [INFO] [53/100] val: Loss/val: 0.1170, Acc/val: 96.44%, F1/val: 75.83%, IoU/val: 61.06%, lr: 0.000583
2026-02-04 21:43:20 [INFO] [53/100] 用时8.41秒。总用时:0.13小时。预计剩余时间:0.11小时
2026-02-04 21:43:27 [INFO] [54/100] train: Loss/train: 0.0869, Acc/train: 98.40%, lr: 0.000564
2026-02-04 21:43:27 [INFO] GPU Reserved: 13344.0MB, GPU Allocated: 78.1MB
2026-02-04 21:43:28 [INFO] [54/100] val: Loss/val: 0.1174, Acc/val: 96.49%, F1/val: 74.84%, IoU/val: 59.79%, lr: 0.000564
2026-02-04 21:43:28 [INFO] [54/100] 用时8.59秒。总用时:0.13小时。预计剩余时间:0.11小时
2026-02-04 21:43:35 [INFO] [55/100] train: Loss/train: 0.0849, Acc/train: 98.38%, lr: 0.000546
2026-02-04 21:43:35 [INFO] GPU Reserved: 13344.0MB, GPU Allocated: 78.1MB
2026-02-04 21:43:37 [INFO] [55/100] val: Loss/val: 0.1160, Acc/val: 96.51%, F1/val: 74.03%, IoU/val: 58.77%, lr: 0.000546
2026-02-04 21:43:37 [INFO] [55/100] 用时8.33秒。总用时:0.13小时。预计剩余时间:0.11小时
2026-02-04 21:43:44 [INFO] [56/100] train: Loss/train: 0.0813, Acc/train: 98.50%, lr: 0.000528
2026-02-04 21:43:44 [INFO] GPU Reserved: 13344.0MB, GPU Allocated: 78.1MB
2026-02-04 21:43:45 [INFO] [56/100] val: Loss/val: 0.1160, Acc/val: 96.57%, F1/val: 75.30%, IoU/val: 60.38%, lr: 0.000528
2026-02-04 21:43:45 [INFO] [56/100] 用时8.52秒。总用时:0.13小时。预计剩余时间:0.11小时
2026-02-04 21:43:52 [INFO] [57/100] train: Loss/train: 0.0797, Acc/train: 98.51%, lr: 0.000509
2026-02-04 21:43:52 [INFO] GPU Reserved: 13344.0MB, GPU Allocated: 78.1MB
2026-02-04 21:43:53 [INFO] [57/100] val: Loss/val: 0.1135, Acc/val: 96.63%, F1/val: 75.28%, IoU/val: 60.35%, lr: 0.000509
2026-02-04 21:43:53 [INFO] [57/100] 用时8.42秒。总用时:0.14小时。预计剩余时间:0.10小时
2026-02-04 21:44:01 [INFO] [58/100] train: Loss/train: 0.0804, Acc/train: 98.46%, lr: 0.000491
2026-02-04 21:44:01 [INFO] GPU Reserved: 13344.0MB, GPU Allocated: 78.1MB
2026-02-04 21:44:02 [INFO] [58/100] val: Loss/val: 0.1181, Acc/val: 96.46%, F1/val: 74.34%, IoU/val: 59.16%, lr: 0.000491
2026-02-04 21:44:02 [INFO] [58/100] 用时8.41秒。总用时:0.14小时。预计剩余时间:0.10小时
2026-02-04 21:44:09 [INFO] [59/100] train: Loss/train: 0.0788, Acc/train: 98.49%, lr: 0.000472
2026-02-04 21:44:09 [INFO] GPU Reserved: 13344.0MB, GPU Allocated: 78.1MB
2026-02-04 21:44:10 [INFO] [59/100] val: Loss/val: 0.1085, Acc/val: 96.74%, F1/val: 77.34%, IoU/val: 63.05%, lr: 0.000472
2026-02-04 21:44:10 [INFO] [59/100] 用时8.46秒。总用时:0.14小时。预计剩余时间:0.10小时
2026-02-04 21:44:17 [INFO] [60/100] train: Loss/train: 0.0754, Acc/train: 98.57%, lr: 0.000454
2026-02-04 21:44:17 [INFO] GPU Reserved: 13344.0MB, GPU Allocated: 78.1MB
2026-02-04 21:44:19 [INFO] [60/100] val: Loss/val: 0.1103, Acc/val: 96.69%, F1/val: 76.37%, IoU/val: 61.78%, lr: 0.000454
2026-02-04 21:44:19 [INFO] [60/100] 用时8.61秒。总用时:0.14小时。预计剩余时间:0.10小时
2026-02-04 21:44:26 [INFO] [61/100] train: Loss/train: 0.0727, Acc/train: 98.65%, lr: 0.000436
2026-02-04 21:44:26 [INFO] GPU Reserved: 13344.0MB, GPU Allocated: 78.1MB
2026-02-04 21:44:28 [INFO] [61/100] val: Loss/val: 0.1057, Acc/val: 96.84%, F1/val: 78.21%, IoU/val: 64.21%, lr: 0.000436
2026-02-04 21:44:28 [INFO] [61/100] 用时8.67秒。总用时:0.15小时。预计剩余时间:0.09小时
2026-02-04 21:44:35 [INFO] [62/100] train: Loss/train: 0.0726, Acc/train: 98.63%, lr: 0.000417
2026-02-04 21:44:35 [INFO] GPU Reserved: 13344.0MB, GPU Allocated: 78.1MB
2026-02-04 21:44:36 [INFO] [62/100] val: Loss/val: 0.1052, Acc/val: 96.87%, F1/val: 78.22%, IoU/val: 64.23%, lr: 0.000417
2026-02-04 21:44:36 [INFO] [62/100] 用时8.57秒。总用时:0.15小时。预计剩余时间:0.09小时
2026-02-04 21:44:43 [INFO] [63/100] train: Loss/train: 0.0737, Acc/train: 98.57%, lr: 0.000399
2026-02-04 21:44:43 [INFO] GPU Reserved: 13344.0MB, GPU Allocated: 78.1MB
2026-02-04 21:44:45 [INFO] [63/100] val: Loss/val: 0.1080, Acc/val: 96.81%, F1/val: 77.33%, IoU/val: 63.04%, lr: 0.000399
2026-02-04 21:44:45 [INFO] [63/100] 用时8.60秒。总用时:0.15小时。预计剩余时间:0.09小时
2026-02-04 21:44:52 [INFO] [64/100] train: Loss/train: 0.0702, Acc/train: 98.65%, lr: 0.000381
2026-02-04 21:44:52 [INFO] GPU Reserved: 13344.0MB, GPU Allocated: 78.1MB
2026-02-04 21:44:53 [INFO] [64/100] val: Loss/val: 0.1051, Acc/val: 96.82%, F1/val: 77.47%, IoU/val: 63.23%, lr: 0.000381
2026-02-04 21:44:53 [INFO] [64/100] 用时8.40秒。总用时:0.15小时。预计剩余时间:0.09小时
2026-02-04 21:45:00 [INFO] [65/100] train: Loss/train: 0.0675, Acc/train: 98.75%, lr: 0.000363
2026-02-04 21:45:00 [INFO] GPU Reserved: 13344.0MB, GPU Allocated: 78.1MB
2026-02-04 21:45:02 [INFO] [65/100] val: Loss/val: 0.1094, Acc/val: 96.68%, F1/val: 77.02%, IoU/val: 62.63%, lr: 0.000363
2026-02-04 21:45:02 [INFO] [65/100] 用时8.42秒。总用时:0.16小时。预计剩余时间:0.08小时
2026-02-04 21:45:09 [INFO] [66/100] train: Loss/train: 0.0671, Acc/train: 98.74%, lr: 0.000345
2026-02-04 21:45:09 [INFO] GPU Reserved: 13344.0MB, GPU Allocated: 78.1MB
2026-02-04 21:45:10 [INFO] [66/100] val: Loss/val: 0.1088, Acc/val: 96.71%, F1/val: 77.48%, IoU/val: 63.24%, lr: 0.000345
2026-02-04 21:45:10 [INFO] [66/100] 用时8.56秒。总用时:0.16小时。预计剩余时间:0.08小时
2026-02-04 21:45:17 [INFO] [67/100] train: Loss/train: 0.0644, Acc/train: 98.81%, lr: 0.000328
2026-02-04 21:45:17 [INFO] GPU Reserved: 13344.0MB, GPU Allocated: 78.1MB
2026-02-04 21:45:19 [INFO] [67/100] val: Loss/val: 0.1044, Acc/val: 96.85%, F1/val: 78.46%, IoU/val: 64.56%, lr: 0.000328
2026-02-04 21:45:19 [INFO] [67/100] 用时8.56秒。总用时:0.16小时。预计剩余时间:0.08小时
2026-02-04 21:45:26 [INFO] [68/100] train: Loss/train: 0.0623, Acc/train: 98.85%, lr: 0.000311
2026-02-04 21:45:26 [INFO] GPU Reserved: 13344.0MB, GPU Allocated: 78.1MB
2026-02-04 21:45:27 [INFO] [68/100] val: Loss/val: 0.1092, Acc/val: 96.71%, F1/val: 76.94%, IoU/val: 62.52%, lr: 0.000311
2026-02-04 21:45:27 [INFO] [68/100] 用时8.47秒。总用时:0.16小时。预计剩余时间:0.08小时
2026-02-04 21:45:34 [INFO] [69/100] train: Loss/train: 0.0625, Acc/train: 98.83%, lr: 0.000294
2026-02-04 21:45:34 [INFO] GPU Reserved: 13344.0MB, GPU Allocated: 78.1MB
2026-02-04 21:45:36 [INFO] [69/100] val: Loss/val: 0.1147, Acc/val: 96.55%, F1/val: 75.49%, IoU/val: 60.63%, lr: 0.000294
2026-02-04 21:45:36 [INFO] [69/100] 用时8.46秒。总用时:0.17小时。预计剩余时间:0.07小时
2026-02-04 21:45:43 [INFO] [70/100] train: Loss/train: 0.0624, Acc/train: 98.84%, lr: 0.000277
2026-02-04 21:45:43 [INFO] GPU Reserved: 13344.0MB, GPU Allocated: 78.1MB
2026-02-04 21:45:44 [INFO] [70/100] val: Loss/val: 0.1089, Acc/val: 96.65%, F1/val: 76.67%, IoU/val: 62.17%, lr: 0.000277
2026-02-04 21:45:44 [INFO] [70/100] 用时8.44秒。总用时:0.17小时。预计剩余时间:0.07小时
2026-02-04 21:45:51 [INFO] [71/100] train: Loss/train: 0.0622, Acc/train: 98.81%, lr: 0.000261
2026-02-04 21:45:51 [INFO] GPU Reserved: 13344.0MB, GPU Allocated: 78.1MB
2026-02-04 21:45:53 [INFO] [71/100] val: Loss/val: 0.1107, Acc/val: 96.71%, F1/val: 76.96%, IoU/val: 62.55%, lr: 0.000261
2026-02-04 21:45:53 [INFO] [71/100] 用时8.55秒。总用时:0.17小时。预计剩余时间:0.07小时
2026-02-04 21:46:00 [INFO] [72/100] train: Loss/train: 0.0625, Acc/train: 98.81%, lr: 0.000245
2026-02-04 21:46:00 [INFO] GPU Reserved: 13344.0MB, GPU Allocated: 78.1MB
2026-02-04 21:46:01 [INFO] [72/100] val: Loss/val: 0.1089, Acc/val: 96.70%, F1/val: 76.93%, IoU/val: 62.51%, lr: 0.000245
2026-02-04 21:46:01 [INFO] [72/100] 用时8.62秒。总用时:0.17小时。预计剩余时间:0.07小时
2026-02-04 21:46:08 [INFO] [73/100] train: Loss/train: 0.0682, Acc/train: 98.59%, lr: 0.000229
2026-02-04 21:46:08 [INFO] GPU Reserved: 13344.0MB, GPU Allocated: 78.1MB
2026-02-04 21:46:10 [INFO] [73/100] val: Loss/val: 0.1090, Acc/val: 96.66%, F1/val: 78.21%, IoU/val: 64.21%, lr: 0.000229
2026-02-04 21:46:10 [INFO] [73/100] 用时8.48秒。总用时:0.17小时。预计剩余时间:0.06小时
2026-02-04 21:46:17 [INFO] [74/100] train: Loss/train: 0.0628, Acc/train: 98.80%, lr: 0.000214
2026-02-04 21:46:17 [INFO] GPU Reserved: 13344.0MB, GPU Allocated: 78.1MB
2026-02-04 21:46:18 [INFO] [74/100] val: Loss/val: 0.1069, Acc/val: 96.63%, F1/val: 76.70%, IoU/val: 62.21%, lr: 0.000214
2026-02-04 21:46:18 [INFO] [74/100] 用时8.41秒。总用时:0.18小时。预计剩余时间:0.06小时
2026-02-04 21:46:25 [INFO] [75/100] train: Loss/train: 0.0599, Acc/train: 98.87%, lr: 0.000199
2026-02-04 21:46:25 [INFO] GPU Reserved: 13344.0MB, GPU Allocated: 78.1MB
2026-02-04 21:46:27 [INFO] [75/100] val: Loss/val: 0.1084, Acc/val: 96.63%, F1/val: 76.29%, IoU/val: 61.66%, lr: 0.000199
2026-02-04 21:46:27 [INFO] [75/100] 用时8.48秒。总用时:0.18小时。预计剩余时间:0.06小时
2026-02-04 21:46:34 [INFO] [76/100] train: Loss/train: 0.0585, Acc/train: 98.89%, lr: 0.000184
2026-02-04 21:46:34 [INFO] GPU Reserved: 13344.0MB, GPU Allocated: 78.1MB
2026-02-04 21:46:35 [INFO] [76/100] val: Loss/val: 0.1066, Acc/val: 96.70%, F1/val: 77.47%, IoU/val: 63.23%, lr: 0.000184
2026-02-04 21:46:35 [INFO] [76/100] 用时8.49秒。总用时:0.18小时。预计剩余时间:0.06小时
2026-02-04 21:46:42 [INFO] [77/100] train: Loss/train: 0.0571, Acc/train: 98.94%, lr: 0.000170
2026-02-04 21:46:42 [INFO] GPU Reserved: 13344.0MB, GPU Allocated: 78.1MB
2026-02-04 21:46:44 [INFO] [77/100] val: Loss/val: 0.1067, Acc/val: 96.74%, F1/val: 77.43%, IoU/val: 63.17%, lr: 0.000170
2026-02-04 21:46:44 [INFO] [77/100] 用时8.48秒。总用时:0.18小时。预计剩余时间:0.05小时
2026-02-04 21:46:51 [INFO] [78/100] train: Loss/train: 0.0574, Acc/train: 98.93%, lr: 0.000156
2026-02-04 21:46:51 [INFO] GPU Reserved: 13344.0MB, GPU Allocated: 78.1MB
2026-02-04 21:46:52 [INFO] [78/100] val: Loss/val: 0.1084, Acc/val: 96.67%, F1/val: 77.23%, IoU/val: 62.91%, lr: 0.000156
2026-02-04 21:46:52 [INFO] [78/100] 用时8.62秒。总用时:0.19小时。预计剩余时间:0.05小时
2026-02-04 21:46:59 [INFO] [79/100] train: Loss/train: 0.0564, Acc/train: 98.95%, lr: 0.000143
2026-02-04 21:46:59 [INFO] GPU Reserved: 13344.0MB, GPU Allocated: 78.1MB
2026-02-04 21:47:01 [INFO] [79/100] val: Loss/val: 0.1076, Acc/val: 96.70%, F1/val: 76.73%, IoU/val: 62.25%, lr: 0.000143
2026-02-04 21:47:01 [INFO] [79/100] 用时8.44秒。总用时:0.19小时。预计剩余时间:0.05小时
2026-02-04 21:47:08 [INFO] [80/100] train: Loss/train: 0.0566, Acc/train: 98.94%, lr: 0.000130
2026-02-04 21:47:08 [INFO] GPU Reserved: 13344.0MB, GPU Allocated: 78.1MB
2026-02-04 21:47:09 [INFO] [80/100] val: Loss/val: 0.1101, Acc/val: 96.66%, F1/val: 76.86%, IoU/val: 62.41%, lr: 0.000130
2026-02-04 21:47:09 [INFO] [80/100] 用时8.68秒。总用时:0.19小时。预计剩余时间:0.05小时
2026-02-04 21:47:17 [INFO] [81/100] train: Loss/train: 0.0557, Acc/train: 98.96%, lr: 0.000118
2026-02-04 21:47:17 [INFO] GPU Reserved: 13344.0MB, GPU Allocated: 78.1MB
2026-02-04 21:47:18 [INFO] [81/100] val: Loss/val: 0.1088, Acc/val: 96.68%, F1/val: 76.68%, IoU/val: 62.19%, lr: 0.000118
2026-02-04 21:47:18 [INFO] [81/100] 用时8.58秒。总用时:0.19小时。预计剩余时间:0.05小时
2026-02-04 21:47:25 [INFO] [82/100] train: Loss/train: 0.0552, Acc/train: 98.97%, lr: 0.000107
2026-02-04 21:47:25 [INFO] GPU Reserved: 13344.0MB, GPU Allocated: 78.1MB
2026-02-04 21:47:26 [INFO] [82/100] val: Loss/val: 0.1065, Acc/val: 96.76%, F1/val: 77.22%, IoU/val: 62.89%, lr: 0.000107
2026-02-04 21:47:26 [INFO] [82/100] 用时8.39秒。总用时:0.20小时。预计剩余时间:0.04小时
2026-02-04 21:47:33 [INFO] [83/100] train: Loss/train: 0.0545, Acc/train: 98.99%, lr: 0.000095
2026-02-04 21:47:33 [INFO] GPU Reserved: 13344.0MB, GPU Allocated: 78.1MB
2026-02-04 21:47:35 [INFO] [83/100] val: Loss/val: 0.1086, Acc/val: 96.72%, F1/val: 76.70%, IoU/val: 62.21%, lr: 0.000095
2026-02-04 21:47:35 [INFO] [83/100] 用时8.57秒。总用时:0.20小时。预计剩余时间:0.04小时
2026-02-04 21:47:42 [INFO] [84/100] train: Loss/train: 0.0543, Acc/train: 98.98%, lr: 0.000085
2026-02-04 21:47:42 [INFO] GPU Reserved: 13344.0MB, GPU Allocated: 78.1MB
2026-02-04 21:47:43 [INFO] [84/100] val: Loss/val: 0.1088, Acc/val: 96.68%, F1/val: 76.62%, IoU/val: 62.10%, lr: 0.000085
2026-02-04 21:47:43 [INFO] [84/100] 用时8.52秒。总用时:0.20小时。预计剩余时间:0.04小时
2026-02-04 21:47:51 [INFO] [85/100] train: Loss/train: 0.0531, Acc/train: 99.02%, lr: 0.000075
2026-02-04 21:47:51 [INFO] GPU Reserved: 13344.0MB, GPU Allocated: 78.1MB
2026-02-04 21:47:52 [INFO] [85/100] val: Loss/val: 0.1097, Acc/val: 96.67%, F1/val: 76.76%, IoU/val: 62.29%, lr: 0.000075
2026-02-04 21:47:52 [INFO] [85/100] 用时8.63秒。总用时:0.20小时。预计剩余时间:0.04小时
2026-02-04 21:47:59 [INFO] [86/100] train: Loss/train: 0.0529, Acc/train: 99.02%, lr: 0.000065
2026-02-04 21:47:59 [INFO] GPU Reserved: 13344.0MB, GPU Allocated: 78.1MB
2026-02-04 21:48:01 [INFO] [86/100] val: Loss/val: 0.1099, Acc/val: 96.63%, F1/val: 76.56%, IoU/val: 62.03%, lr: 0.000065
2026-02-04 21:48:01 [INFO] [86/100] 用时8.48秒。总用时:0.21小时。预计剩余时间:0.03小时
2026-02-04 21:48:08 [INFO] [87/100] train: Loss/train: 0.0531, Acc/train: 99.02%, lr: 0.000057
2026-02-04 21:48:08 [INFO] GPU Reserved: 13344.0MB, GPU Allocated: 78.1MB
2026-02-04 21:48:09 [INFO] [87/100] val: Loss/val: 0.1106, Acc/val: 96.68%, F1/val: 76.59%, IoU/val: 62.07%, lr: 0.000057
2026-02-04 21:48:09 [INFO] [87/100] 用时8.57秒。总用时:0.21小时。预计剩余时间:0.03小时
2026-02-04 21:48:16 [INFO] [88/100] train: Loss/train: 0.0525, Acc/train: 99.04%, lr: 0.000048
2026-02-04 21:48:16 [INFO] GPU Reserved: 13344.0MB, GPU Allocated: 78.1MB
2026-02-04 21:48:18 [INFO] [88/100] val: Loss/val: 0.1093, Acc/val: 96.67%, F1/val: 76.54%, IoU/val: 61.99%, lr: 0.000048
2026-02-04 21:48:18 [INFO] [88/100] 用时8.66秒。总用时:0.21小时。预计剩余时间:0.03小时
2026-02-04 21:48:25 [INFO] [89/100] train: Loss/train: 0.0530, Acc/train: 99.02%, lr: 0.000041
2026-02-04 21:48:25 [INFO] GPU Reserved: 13344.0MB, GPU Allocated: 78.1MB
2026-02-04 21:48:26 [INFO] [89/100] val: Loss/val: 0.1091, Acc/val: 96.70%, F1/val: 76.67%, IoU/val: 62.17%, lr: 0.000041
2026-02-04 21:48:26 [INFO] [89/100] 用时8.66秒。总用时:0.21小时。预计剩余时间:0.03小时
2026-02-04 21:48:34 [INFO] [90/100] train: Loss/train: 0.0526, Acc/train: 99.04%, lr: 0.000034
2026-02-04 21:48:34 [INFO] GPU Reserved: 13344.0MB, GPU Allocated: 78.1MB
2026-02-04 21:48:35 [INFO] [90/100] val: Loss/val: 0.1103, Acc/val: 96.69%, F1/val: 76.88%, IoU/val: 62.44%, lr: 0.000034
2026-02-04 21:48:35 [INFO] [90/100] 用时8.66秒。总用时:0.21小时。预计剩余时间:0.02小时
2026-02-04 21:48:42 [INFO] [91/100] train: Loss/train: 0.0526, Acc/train: 99.04%, lr: 0.000027
2026-02-04 21:48:42 [INFO] GPU Reserved: 13344.0MB, GPU Allocated: 78.1MB
2026-02-04 21:48:44 [INFO] [91/100] val: Loss/val: 0.1084, Acc/val: 96.74%, F1/val: 77.24%, IoU/val: 62.92%, lr: 0.000027
2026-02-04 21:48:44 [INFO] [91/100] 用时8.65秒。总用时:0.22小时。预计剩余时间:0.02小时
2026-02-04 21:48:51 [INFO] [92/100] train: Loss/train: 0.0522, Acc/train: 99.05%, lr: 0.000022
2026-02-04 21:48:51 [INFO] GPU Reserved: 13344.0MB, GPU Allocated: 78.1MB
2026-02-04 21:48:52 [INFO] [92/100] val: Loss/val: 0.1094, Acc/val: 96.70%, F1/val: 76.70%, IoU/val: 62.20%, lr: 0.000022
2026-02-04 21:48:52 [INFO] [92/100] 用时8.57秒。总用时:0.22小时。预计剩余时间:0.02小时
2026-02-04 21:48:59 [INFO] [93/100] train: Loss/train: 0.0516, Acc/train: 99.05%, lr: 0.000017
2026-02-04 21:48:59 [INFO] GPU Reserved: 13344.0MB, GPU Allocated: 78.1MB
2026-02-04 21:49:01 [INFO] [93/100] val: Loss/val: 0.1083, Acc/val: 96.74%, F1/val: 77.20%, IoU/val: 62.87%, lr: 0.000017
2026-02-04 21:49:01 [INFO] [93/100] 用时8.36秒。总用时:0.22小时。预计剩余时间:0.02小时
2026-02-04 21:49:08 [INFO] [94/100] train: Loss/train: 0.0528, Acc/train: 99.02%, lr: 0.000012
2026-02-04 21:49:08 [INFO] GPU Reserved: 13344.0MB, GPU Allocated: 78.1MB
2026-02-04 21:49:09 [INFO] [94/100] val: Loss/val: 0.1094, Acc/val: 96.69%, F1/val: 76.73%, IoU/val: 62.24%, lr: 0.000012
2026-02-04 21:49:09 [INFO] [94/100] 用时8.55秒。总用时:0.22小时。预计剩余时间:0.01小时
2026-02-04 21:49:16 [INFO] [95/100] train: Loss/train: 0.0517, Acc/train: 99.05%, lr: 0.000009
2026-02-04 21:49:16 [INFO] GPU Reserved: 13344.0MB, GPU Allocated: 78.1MB
2026-02-04 21:49:18 [INFO] [95/100] val: Loss/val: 0.1095, Acc/val: 96.69%, F1/val: 76.77%, IoU/val: 62.30%, lr: 0.000009
2026-02-04 21:49:18 [INFO] [95/100] 用时8.63秒。总用时:0.23小时。预计剩余时间:0.01小时
2026-02-04 21:49:25 [INFO] [96/100] train: Loss/train: 0.0520, Acc/train: 99.05%, lr: 0.000005
2026-02-04 21:49:25 [INFO] GPU Reserved: 13344.0MB, GPU Allocated: 78.1MB
2026-02-04 21:49:26 [INFO] [96/100] val: Loss/val: 0.1091, Acc/val: 96.70%, F1/val: 76.90%, IoU/val: 62.47%, lr: 0.000005
2026-02-04 21:49:26 [INFO] [96/100] 用时8.37秒。总用时:0.23小时。预计剩余时间:0.01小时
2026-02-04 21:49:33 [INFO] [97/100] train: Loss/train: 0.0523, Acc/train: 99.03%, lr: 0.000003
2026-02-04 21:49:33 [INFO] GPU Reserved: 13344.0MB, GPU Allocated: 78.1MB
2026-02-04 21:49:35 [INFO] [97/100] val: Loss/val: 0.1088, Acc/val: 96.72%, F1/val: 77.03%, IoU/val: 62.64%, lr: 0.000003
2026-02-04 21:49:35 [INFO] [97/100] 用时8.49秒。总用时:0.23小时。预计剩余时间:0.01小时
2026-02-04 21:49:42 [INFO] [98/100] train: Loss/train: 0.0520, Acc/train: 99.04%, lr: 0.000001
2026-02-04 21:49:42 [INFO] GPU Reserved: 13344.0MB, GPU Allocated: 78.1MB
2026-02-04 21:49:43 [INFO] [98/100] val: Loss/val: 0.1099, Acc/val: 96.70%, F1/val: 76.84%, IoU/val: 62.39%, lr: 0.000001
2026-02-04 21:49:43 [INFO] [98/100] 用时8.33秒。总用时:0.23小时。预计剩余时间:0.00小时
2026-02-04 21:49:50 [INFO] [99/100] train: Loss/train: 0.0514, Acc/train: 99.07%, lr: 0.000000
2026-02-04 21:49:50 [INFO] GPU Reserved: 13344.0MB, GPU Allocated: 78.1MB
2026-02-04 21:49:52 [INFO] [99/100] val: Loss/val: 0.1090, Acc/val: 96.71%, F1/val: 76.79%, IoU/val: 62.32%, lr: 0.000000
2026-02-04 21:49:52 [INFO] [99/100] 用时8.52秒。总用时:0.24小时。预计剩余时间:0.00小时
2026-02-04 21:49:59 [INFO] [100/100] train: Loss/train: 0.0515, Acc/train: 99.05%, lr: 0.000000
2026-02-04 21:49:59 [INFO] GPU Reserved: 13344.0MB, GPU Allocated: 78.1MB
2026-02-04 21:50:00 [INFO] [100/100] val: Loss/val: 0.1093, Acc/val: 96.68%, F1/val: 76.51%, IoU/val: 61.96%, lr: 0.000000
2026-02-04 21:50:00 [INFO] [100/100] 用时8.55秒。总用时:0.24小时。预计剩余时间:0.00小时
2026-02-04 21:50:00 [INFO] 总用时: 0.24小时
2026-02-04 21:50:01 [INFO] Best Result:Loss: 0.1054 Acc: 96.88% Pre: 82.72% Rec: 73.44% F1: 77.80% IoU: 63.67%
2026-02-04 21:50:01 [INFO] /home/xulifa/change_detection_experiment/checkpoints/CLCD/TALS_CD/0.7780_FinalModel_epoch67_F1_0.7846.pth
