2026-02-04 06:49:50 [INFO] logger初始化完成
2026-02-04 06:49:50 [INFO] 日志文件保存在: /home/xulifa/change_detection_experiment/logs/WHU/TALS_CD/20260204_064949_TALS_CD_tiaozhi_DescSort/training_20260204_064950.log
2026-02-04 06:49:50 [INFO] train_batch_size: 32, crop_size: 256, 总批次: 186, 总样本数: 5948, 数据集根目录: /home/xulifa/dataset/WHU_CD
2026-02-04 06:49:50 [INFO] val_batch_size: 32, crop_size: 256, 总批次: 24, 总样本数: 743, 数据集根目录: /home/xulifa/dataset/WHU_CD
2026-02-04 06:49:50 [INFO] test_batch_size: 32, crop_size: 256, 总批次: 24, 总样本数: 743, 数据集根目录: /home/xulifa/dataset/WHU_CD
2026-02-04 06:49:50 [INFO] 种子设置为: 2025
2026-02-04 06:49:50 [INFO] 使用设备: cuda:0
2026-02-04 06:49:50 [INFO] 未加载检查点，模型参数初始化（先去除）
2026-02-04 06:49:50 [INFO] 使用AdamW优化器
2026-02-04 06:49:50 [INFO] 模型总参数量: 1,908,089,可训练: 1,908,089,冻结: 0
2026-02-04 06:50:41 [INFO] [1/100] train: Loss/train: 0.6442, Acc/train: 90.97%, lr: 0.000067
2026-02-04 06:50:41 [INFO] GPU Reserved: 6788.0MB, GPU Allocated: 72.2MB
2026-02-04 06:50:43 [INFO] [1/100] val: Loss/val: 0.4634, Acc/val: 95.56%, F1/val: 1.85%, IoU/val: 0.93%, lr: 0.000067
2026-02-04 06:50:43 [INFO] [1/100] 用时52.50秒。总用时:0.01小时。预计剩余时间:1.44小时
2026-02-04 06:51:24 [INFO] [2/100] train: Loss/train: 0.5095, Acc/train: 96.32%, lr: 0.000133
2026-02-04 06:51:24 [INFO] GPU Reserved: 6788.0MB, GPU Allocated: 72.2MB
2026-02-04 06:51:26 [INFO] [2/100] val: Loss/val: 0.3882, Acc/val: 98.33%, F1/val: 80.47%, IoU/val: 67.33%, lr: 0.000133
2026-02-04 06:51:26 [INFO] [2/100] 用时43.56秒。总用时:0.03小时。预计剩余时间:1.31小时
2026-02-04 06:52:07 [INFO] [3/100] train: Loss/train: 0.4398, Acc/train: 97.95%, lr: 0.000200
2026-02-04 06:52:07 [INFO] GPU Reserved: 6788.0MB, GPU Allocated: 72.2MB
2026-02-04 06:52:09 [INFO] [3/100] val: Loss/val: 0.3561, Acc/val: 98.33%, F1/val: 80.27%, IoU/val: 67.04%, lr: 0.000200
2026-02-04 06:52:09 [INFO] [3/100] 用时43.22秒。总用时:0.04小时。预计剩余时间:1.25小时
2026-02-04 06:52:51 [INFO] [4/100] train: Loss/train: 0.3835, Acc/train: 98.34%, lr: 0.000267
2026-02-04 06:52:51 [INFO] GPU Reserved: 6788.0MB, GPU Allocated: 72.2MB
2026-02-04 06:52:53 [INFO] [4/100] val: Loss/val: 0.3108, Acc/val: 98.91%, F1/val: 86.39%, IoU/val: 76.04%, lr: 0.000267
2026-02-04 06:52:53 [INFO] [4/100] 用时43.21秒。总用时:0.05小时。预计剩余时间:1.22小时
2026-02-04 06:53:33 [INFO] [5/100] train: Loss/train: 0.3224, Acc/train: 98.62%, lr: 0.000333
2026-02-04 06:53:33 [INFO] GPU Reserved: 6788.0MB, GPU Allocated: 72.2MB
2026-02-04 06:53:36 [INFO] [5/100] val: Loss/val: 0.2615, Acc/val: 98.85%, F1/val: 86.67%, IoU/val: 76.48%, lr: 0.000333
2026-02-04 06:53:36 [INFO] [5/100] 用时42.85秒。总用时:0.06小时。预计剩余时间:1.19小时
2026-02-04 06:54:18 [INFO] [6/100] train: Loss/train: 0.2658, Acc/train: 98.63%, lr: 0.000400
2026-02-04 06:54:18 [INFO] GPU Reserved: 6788.0MB, GPU Allocated: 72.2MB
2026-02-04 06:54:20 [INFO] [6/100] val: Loss/val: 0.2091, Acc/val: 99.21%, F1/val: 90.09%, IoU/val: 81.97%, lr: 0.000400
2026-02-04 06:54:20 [INFO] [6/100] 用时44.77秒。总用时:0.08小时。预计剩余时间:1.18小时
2026-02-04 06:55:03 [INFO] [7/100] train: Loss/train: 0.2115, Acc/train: 98.77%, lr: 0.000467
2026-02-04 06:55:03 [INFO] GPU Reserved: 6788.0MB, GPU Allocated: 72.2MB
2026-02-04 06:55:06 [INFO] [7/100] val: Loss/val: 0.1597, Acc/val: 99.25%, F1/val: 90.80%, IoU/val: 83.16%, lr: 0.000467
2026-02-04 06:55:06 [INFO] [7/100] 用时45.33秒。总用时:0.09小时。预计剩余时间:1.16小时
2026-02-04 06:55:48 [INFO] [8/100] train: Loss/train: 0.1662, Acc/train: 98.89%, lr: 0.000533
2026-02-04 06:55:48 [INFO] GPU Reserved: 6788.0MB, GPU Allocated: 72.2MB
2026-02-04 06:55:50 [INFO] [8/100] val: Loss/val: 0.1223, Acc/val: 99.26%, F1/val: 91.21%, IoU/val: 83.84%, lr: 0.000533
2026-02-04 06:55:50 [INFO] [8/100] 用时44.68秒。总用时:0.10小时。预计剩余时间:1.15小时
2026-02-04 06:56:32 [INFO] [9/100] train: Loss/train: 0.1315, Acc/train: 98.92%, lr: 0.000600
2026-02-04 06:56:32 [INFO] GPU Reserved: 6788.0MB, GPU Allocated: 72.2MB
2026-02-04 06:56:35 [INFO] [9/100] val: Loss/val: 0.1023, Acc/val: 98.77%, F1/val: 86.26%, IoU/val: 75.84%, lr: 0.000600
2026-02-04 06:56:35 [INFO] [9/100] 用时44.29秒。总用时:0.11小时。预计剩余时间:1.14小时
2026-02-04 06:57:17 [INFO] [10/100] train: Loss/train: 0.1035, Acc/train: 99.04%, lr: 0.000667
2026-02-04 06:57:17 [INFO] GPU Reserved: 6788.0MB, GPU Allocated: 72.2MB
2026-02-04 06:57:19 [INFO] [10/100] val: Loss/val: 0.0702, Acc/val: 99.42%, F1/val: 92.92%, IoU/val: 86.78%, lr: 0.000667
2026-02-04 06:57:19 [INFO] [10/100] 用时44.19秒。总用时:0.12小时。预计剩余时间:1.12小时
2026-02-04 06:58:01 [INFO] [11/100] train: Loss/train: 0.0901, Acc/train: 98.88%, lr: 0.000733
2026-02-04 06:58:01 [INFO] GPU Reserved: 6788.0MB, GPU Allocated: 72.2MB
2026-02-04 06:58:03 [INFO] [11/100] val: Loss/val: 0.0584, Acc/val: 99.24%, F1/val: 90.92%, IoU/val: 83.36%, lr: 0.000733
2026-02-04 06:58:03 [INFO] [11/100] 用时44.26秒。总用时:0.14小时。预计剩余时间:1.11小时
2026-02-04 06:58:45 [INFO] [12/100] train: Loss/train: 0.0739, Acc/train: 99.02%, lr: 0.000800
2026-02-04 06:58:45 [INFO] GPU Reserved: 6788.0MB, GPU Allocated: 72.2MB
2026-02-04 06:58:47 [INFO] [12/100] val: Loss/val: 0.0478, Acc/val: 99.15%, F1/val: 90.02%, IoU/val: 81.85%, lr: 0.000800
2026-02-04 06:58:47 [INFO] [12/100] 用时44.30秒。总用时:0.15小时。预计剩余时间:1.09小时
2026-02-04 06:59:29 [INFO] [13/100] train: Loss/train: 0.0627, Acc/train: 99.08%, lr: 0.000867
2026-02-04 06:59:29 [INFO] GPU Reserved: 6788.0MB, GPU Allocated: 72.2MB
2026-02-04 06:59:31 [INFO] [13/100] val: Loss/val: 0.0482, Acc/val: 98.95%, F1/val: 87.50%, IoU/val: 77.78%, lr: 0.000867
2026-02-04 06:59:31 [INFO] [13/100] 用时43.99秒。总用时:0.16小时。预计剩余时间:1.08小时
2026-02-04 07:00:13 [INFO] [14/100] train: Loss/train: 0.0568, Acc/train: 99.06%, lr: 0.000933
2026-02-04 07:00:13 [INFO] GPU Reserved: 6788.0MB, GPU Allocated: 72.2MB
2026-02-04 07:00:15 [INFO] [14/100] val: Loss/val: 0.0338, Acc/val: 99.36%, F1/val: 92.36%, IoU/val: 85.80%, lr: 0.000933
2026-02-04 07:00:15 [INFO] [14/100] 用时43.94秒。总用时:0.17小时。预计剩余时间:1.07小时
2026-02-04 07:00:57 [INFO] [15/100] train: Loss/train: 0.0507, Acc/train: 99.06%, lr: 0.001000
2026-02-04 07:00:57 [INFO] GPU Reserved: 6788.0MB, GPU Allocated: 72.2MB
2026-02-04 07:00:59 [INFO] [15/100] val: Loss/val: 0.0388, Acc/val: 98.94%, F1/val: 87.69%, IoU/val: 78.08%, lr: 0.001000
2026-02-04 07:00:59 [INFO] [15/100] 用时43.89秒。总用时:0.19小时。预计剩余时间:1.05小时
2026-02-04 07:01:41 [INFO] [16/100] train: Loss/train: 0.0438, Acc/train: 99.18%, lr: 0.001000
2026-02-04 07:01:41 [INFO] GPU Reserved: 6788.0MB, GPU Allocated: 72.2MB
2026-02-04 07:01:43 [INFO] [16/100] val: Loss/val: 0.0307, Acc/val: 99.36%, F1/val: 92.37%, IoU/val: 85.82%, lr: 0.001000
2026-02-04 07:01:43 [INFO] [16/100] 用时43.75秒。总用时:0.20小时。预计剩余时间:1.04小时
2026-02-04 07:02:24 [INFO] [17/100] train: Loss/train: 0.0544, Acc/train: 98.89%, lr: 0.000999
2026-02-04 07:02:24 [INFO] GPU Reserved: 6788.0MB, GPU Allocated: 72.2MB
2026-02-04 07:02:27 [INFO] [17/100] val: Loss/val: 0.0407, Acc/val: 98.79%, F1/val: 86.07%, IoU/val: 75.55%, lr: 0.000999
2026-02-04 07:02:27 [INFO] [17/100] 用时43.64秒。总用时:0.21小时。预计剩余时间:1.03小时
2026-02-04 07:03:08 [INFO] [18/100] train: Loss/train: 0.0400, Acc/train: 99.18%, lr: 0.000997
2026-02-04 07:03:08 [INFO] GPU Reserved: 6788.0MB, GPU Allocated: 72.2MB
2026-02-04 07:03:10 [INFO] [18/100] val: Loss/val: 0.0291, Acc/val: 99.09%, F1/val: 89.65%, IoU/val: 81.24%, lr: 0.000997
2026-02-04 07:03:10 [INFO] [18/100] 用时43.42秒。总用时:0.22小时。预计剩余时间:1.01小时
2026-02-04 07:03:51 [INFO] [19/100] train: Loss/train: 0.0392, Acc/train: 99.19%, lr: 0.000995
2026-02-04 07:03:51 [INFO] GPU Reserved: 6788.0MB, GPU Allocated: 72.2MB
2026-02-04 07:03:53 [INFO] [19/100] val: Loss/val: 0.0317, Acc/val: 98.86%, F1/val: 85.25%, IoU/val: 74.30%, lr: 0.000995
2026-02-04 07:03:53 [INFO] [19/100] 用时43.22秒。总用时:0.23小时。预计剩余时间:1.00小时
2026-02-04 07:04:34 [INFO] [20/100] train: Loss/train: 0.0357, Acc/train: 99.25%, lr: 0.000991
2026-02-04 07:04:34 [INFO] GPU Reserved: 6788.0MB, GPU Allocated: 72.2MB
2026-02-04 07:04:36 [INFO] [20/100] val: Loss/val: 0.0418, Acc/val: 98.72%, F1/val: 85.90%, IoU/val: 75.29%, lr: 0.000991
2026-02-04 07:04:36 [INFO] [20/100] 用时43.27秒。总用时:0.25小时。预计剩余时间:0.98小时
2026-02-04 07:05:17 [INFO] [21/100] train: Loss/train: 0.0309, Acc/train: 99.35%, lr: 0.000988
2026-02-04 07:05:17 [INFO] GPU Reserved: 6788.0MB, GPU Allocated: 72.2MB
2026-02-04 07:05:19 [INFO] [21/100] val: Loss/val: 0.0269, Acc/val: 99.13%, F1/val: 89.75%, IoU/val: 81.41%, lr: 0.000988
2026-02-04 07:05:19 [INFO] [21/100] 用时43.03秒。总用时:0.26小时。预计剩余时间:0.97小时
2026-02-04 07:06:04 [INFO] [22/100] train: Loss/train: 0.0288, Acc/train: 99.38%, lr: 0.000983
2026-02-04 07:06:04 [INFO] GPU Reserved: 6788.0MB, GPU Allocated: 72.2MB
2026-02-04 07:06:06 [INFO] [22/100] val: Loss/val: 0.0227, Acc/val: 99.28%, F1/val: 91.17%, IoU/val: 83.77%, lr: 0.000983
2026-02-04 07:06:06 [INFO] [22/100] 用时46.50秒。总用时:0.27小时。预计剩余时间:0.96小时
2026-02-04 07:06:49 [INFO] [23/100] train: Loss/train: 0.0325, Acc/train: 99.30%, lr: 0.000978
2026-02-04 07:06:49 [INFO] GPU Reserved: 6788.0MB, GPU Allocated: 72.2MB
2026-02-04 07:06:51 [INFO] [23/100] val: Loss/val: 0.0242, Acc/val: 99.08%, F1/val: 88.56%, IoU/val: 79.48%, lr: 0.000978
2026-02-04 07:06:51 [INFO] [23/100] 用时44.71秒。总用时:0.28小时。预计剩余时间:0.95小时
2026-02-04 07:07:33 [INFO] [24/100] train: Loss/train: 0.0294, Acc/train: 99.35%, lr: 0.000973
2026-02-04 07:07:33 [INFO] GPU Reserved: 6788.0MB, GPU Allocated: 72.2MB
2026-02-04 07:07:35 [INFO] [24/100] val: Loss/val: 0.0350, Acc/val: 98.87%, F1/val: 86.62%, IoU/val: 76.39%, lr: 0.000973
2026-02-04 07:07:35 [INFO] [24/100] 用时44.58秒。总用时:0.30小时。预计剩余时间:0.94小时
2026-02-04 07:08:17 [INFO] [25/100] train: Loss/train: 0.0269, Acc/train: 99.40%, lr: 0.000966
2026-02-04 07:08:17 [INFO] GPU Reserved: 6788.0MB, GPU Allocated: 72.2MB
2026-02-04 07:08:20 [INFO] [25/100] val: Loss/val: 0.0196, Acc/val: 99.38%, F1/val: 92.43%, IoU/val: 85.93%, lr: 0.000966
2026-02-04 07:08:20 [INFO] [25/100] 用时44.41秒。总用时:0.31小时。预计剩余时间:0.92小时
2026-02-04 07:09:02 [INFO] [26/100] train: Loss/train: 0.0259, Acc/train: 99.42%, lr: 0.000959
2026-02-04 07:09:02 [INFO] GPU Reserved: 6788.0MB, GPU Allocated: 72.2MB
2026-02-04 07:09:04 [INFO] [26/100] val: Loss/val: 0.0206, Acc/val: 99.31%, F1/val: 92.01%, IoU/val: 85.20%, lr: 0.000959
2026-02-04 07:09:04 [INFO] [26/100] 用时44.22秒。总用时:0.32小时。预计剩余时间:0.91小时
2026-02-04 07:09:46 [INFO] [27/100] train: Loss/train: 0.0259, Acc/train: 99.42%, lr: 0.000952
2026-02-04 07:09:46 [INFO] GPU Reserved: 6788.0MB, GPU Allocated: 72.2MB
2026-02-04 07:09:48 [INFO] [27/100] val: Loss/val: 0.0244, Acc/val: 99.22%, F1/val: 90.88%, IoU/val: 83.28%, lr: 0.000952
2026-02-04 07:09:48 [INFO] [27/100] 用时44.10秒。总用时:0.33小时。预计剩余时间:0.90小时
2026-02-04 07:10:30 [INFO] [28/100] train: Loss/train: 0.0326, Acc/train: 99.26%, lr: 0.000943
2026-02-04 07:10:30 [INFO] GPU Reserved: 6788.0MB, GPU Allocated: 72.2MB
2026-02-04 07:10:32 [INFO] [28/100] val: Loss/val: 0.0173, Acc/val: 99.44%, F1/val: 93.23%, IoU/val: 87.32%, lr: 0.000943
2026-02-04 07:10:32 [INFO] [28/100] 用时44.07秒。总用时:0.34小时。预计剩余时间:0.89小时
2026-02-04 07:11:14 [INFO] [29/100] train: Loss/train: 0.0281, Acc/train: 99.36%, lr: 0.000935
2026-02-04 07:11:14 [INFO] GPU Reserved: 6788.0MB, GPU Allocated: 72.2MB
2026-02-04 07:11:16 [INFO] [29/100] val: Loss/val: 0.0172, Acc/val: 99.39%, F1/val: 92.65%, IoU/val: 86.31%, lr: 0.000935
2026-02-04 07:11:16 [INFO] [29/100] 用时44.03秒。总用时:0.36小时。预计剩余时间:0.87小时
2026-02-04 07:11:58 [INFO] [30/100] train: Loss/train: 0.0220, Acc/train: 99.50%, lr: 0.000925
2026-02-04 07:11:58 [INFO] GPU Reserved: 6788.0MB, GPU Allocated: 72.2MB
2026-02-04 07:12:00 [INFO] [30/100] val: Loss/val: 0.0186, Acc/val: 99.37%, F1/val: 92.52%, IoU/val: 86.08%, lr: 0.000925
2026-02-04 07:12:00 [INFO] [30/100] 用时43.88秒。总用时:0.37小时。预计剩余时间:0.86小时
2026-02-04 07:12:42 [INFO] [31/100] train: Loss/train: 0.0214, Acc/train: 99.51%, lr: 0.000915
2026-02-04 07:12:42 [INFO] GPU Reserved: 6788.0MB, GPU Allocated: 72.2MB
2026-02-04 07:12:44 [INFO] [31/100] val: Loss/val: 0.0261, Acc/val: 99.11%, F1/val: 89.73%, IoU/val: 81.38%, lr: 0.000915
2026-02-04 07:12:44 [INFO] [31/100] 用时44.12秒。总用时:0.38小时。预计剩余时间:0.85小时
2026-02-04 07:13:26 [INFO] [32/100] train: Loss/train: 0.0247, Acc/train: 99.43%, lr: 0.000905
2026-02-04 07:13:26 [INFO] GPU Reserved: 6788.0MB, GPU Allocated: 72.2MB
2026-02-04 07:13:28 [INFO] [32/100] val: Loss/val: 0.0253, Acc/val: 99.10%, F1/val: 89.46%, IoU/val: 80.93%, lr: 0.000905
2026-02-04 07:13:28 [INFO] [32/100] 用时43.61秒。总用时:0.39小时。预计剩余时间:0.84小时
2026-02-04 07:14:09 [INFO] [33/100] train: Loss/train: 0.0197, Acc/train: 99.54%, lr: 0.000893
2026-02-04 07:14:09 [INFO] GPU Reserved: 6788.0MB, GPU Allocated: 72.2MB
2026-02-04 07:14:11 [INFO] [33/100] val: Loss/val: 0.0153, Acc/val: 99.47%, F1/val: 93.55%, IoU/val: 87.89%, lr: 0.000893
2026-02-04 07:14:11 [INFO] [33/100] 用时43.35秒。总用时:0.41小时。预计剩余时间:0.82小时
2026-02-04 07:14:52 [INFO] [34/100] train: Loss/train: 0.0227, Acc/train: 99.47%, lr: 0.000882
2026-02-04 07:14:52 [INFO] GPU Reserved: 6788.0MB, GPU Allocated: 72.2MB
2026-02-04 07:14:54 [INFO] [34/100] val: Loss/val: 0.0251, Acc/val: 99.18%, F1/val: 90.47%, IoU/val: 82.60%, lr: 0.000882
2026-02-04 07:14:54 [INFO] [34/100] 用时43.42秒。总用时:0.42小时。预计剩余时间:0.81小时
2026-02-04 07:15:36 [INFO] [35/100] train: Loss/train: 0.0202, Acc/train: 99.53%, lr: 0.000870
2026-02-04 07:15:36 [INFO] GPU Reserved: 6788.0MB, GPU Allocated: 72.2MB
2026-02-04 07:15:38 [INFO] [35/100] val: Loss/val: 0.0174, Acc/val: 99.37%, F1/val: 92.45%, IoU/val: 85.97%, lr: 0.000870
2026-02-04 07:15:38 [INFO] [35/100] 用时43.56秒。总用时:0.43小时。预计剩余时间:0.80小时
2026-02-04 07:16:19 [INFO] [36/100] train: Loss/train: 0.0208, Acc/train: 99.52%, lr: 0.000857
2026-02-04 07:16:19 [INFO] GPU Reserved: 6788.0MB, GPU Allocated: 72.2MB
2026-02-04 07:16:21 [INFO] [36/100] val: Loss/val: 0.0215, Acc/val: 99.28%, F1/val: 91.62%, IoU/val: 84.53%, lr: 0.000857
2026-02-04 07:16:21 [INFO] [36/100] 用时42.93秒。总用时:0.44小时。预计剩余时间:0.79小时
2026-02-04 07:17:05 [INFO] [37/100] train: Loss/train: 0.0182, Acc/train: 99.58%, lr: 0.000844
2026-02-04 07:17:05 [INFO] GPU Reserved: 6788.0MB, GPU Allocated: 72.2MB
2026-02-04 07:17:07 [INFO] [37/100] val: Loss/val: 0.0298, Acc/val: 98.95%, F1/val: 88.11%, IoU/val: 78.75%, lr: 0.000844
2026-02-04 07:17:07 [INFO] [37/100] 用时46.14秒。总用时:0.45小时。预计剩余时间:0.77小时
2026-02-04 07:17:50 [INFO] [38/100] train: Loss/train: 0.0224, Acc/train: 99.50%, lr: 0.000830
2026-02-04 07:17:50 [INFO] GPU Reserved: 6788.0MB, GPU Allocated: 72.2MB
2026-02-04 07:17:52 [INFO] [38/100] val: Loss/val: 0.0367, Acc/val: 98.73%, F1/val: 85.92%, IoU/val: 75.32%, lr: 0.000830
2026-02-04 07:17:52 [INFO] [38/100] 用时44.71秒。总用时:0.47小时。预计剩余时间:0.76小时
2026-02-04 07:18:35 [INFO] [39/100] train: Loss/train: 0.0240, Acc/train: 99.42%, lr: 0.000816
2026-02-04 07:18:35 [INFO] GPU Reserved: 6788.0MB, GPU Allocated: 72.2MB
2026-02-04 07:18:37 [INFO] [39/100] val: Loss/val: 0.0195, Acc/val: 99.33%, F1/val: 92.00%, IoU/val: 85.18%, lr: 0.000816
2026-02-04 07:18:37 [INFO] [39/100] 用时45.04秒。总用时:0.48小时。预计剩余时间:0.75小时
2026-02-04 07:19:19 [INFO] [40/100] train: Loss/train: 0.0178, Acc/train: 99.58%, lr: 0.000801
2026-02-04 07:19:19 [INFO] GPU Reserved: 6788.0MB, GPU Allocated: 72.2MB
2026-02-04 07:19:21 [INFO] [40/100] val: Loss/val: 0.0263, Acc/val: 99.07%, F1/val: 88.81%, IoU/val: 79.87%, lr: 0.000801
2026-02-04 07:19:21 [INFO] [40/100] 用时44.51秒。总用时:0.49小时。预计剩余时间:0.74小时
2026-02-04 07:20:03 [INFO] [41/100] train: Loss/train: 0.0198, Acc/train: 99.54%, lr: 0.000786
2026-02-04 07:20:03 [INFO] GPU Reserved: 6788.0MB, GPU Allocated: 72.2MB
2026-02-04 07:20:06 [INFO] [41/100] val: Loss/val: 0.0242, Acc/val: 99.19%, F1/val: 90.51%, IoU/val: 82.66%, lr: 0.000786
2026-02-04 07:20:06 [INFO] [41/100] 用时44.15秒。总用时:0.50小时。预计剩余时间:0.73小时
2026-02-04 07:20:48 [INFO] [42/100] train: Loss/train: 0.0177, Acc/train: 99.58%, lr: 0.000771
2026-02-04 07:20:48 [INFO] GPU Reserved: 6788.0MB, GPU Allocated: 72.2MB
2026-02-04 07:20:50 [INFO] [42/100] val: Loss/val: 0.0187, Acc/val: 99.35%, F1/val: 92.12%, IoU/val: 85.38%, lr: 0.000771
2026-02-04 07:20:50 [INFO] [42/100] 用时44.23秒。总用时:0.52小时。预计剩余时间:0.71小时
2026-02-04 07:21:32 [INFO] [43/100] train: Loss/train: 0.0160, Acc/train: 99.62%, lr: 0.000755
2026-02-04 07:21:32 [INFO] GPU Reserved: 6788.0MB, GPU Allocated: 72.2MB
2026-02-04 07:21:34 [INFO] [43/100] val: Loss/val: 0.0260, Acc/val: 99.21%, F1/val: 90.73%, IoU/val: 83.04%, lr: 0.000755
2026-02-04 07:21:34 [INFO] [43/100] 用时44.18秒。总用时:0.53小时。预计剩余时间:0.70小时
2026-02-04 07:22:16 [INFO] [44/100] train: Loss/train: 0.0151, Acc/train: 99.64%, lr: 0.000739
2026-02-04 07:22:16 [INFO] GPU Reserved: 6788.0MB, GPU Allocated: 72.2MB
2026-02-04 07:22:18 [INFO] [44/100] val: Loss/val: 0.0254, Acc/val: 99.29%, F1/val: 91.73%, IoU/val: 84.72%, lr: 0.000739
2026-02-04 07:22:18 [INFO] [44/100] 用时44.15秒。总用时:0.54小时。预计剩余时间:0.69小时
2026-02-04 07:23:00 [INFO] [45/100] train: Loss/train: 0.0157, Acc/train: 99.62%, lr: 0.000723
2026-02-04 07:23:00 [INFO] GPU Reserved: 6788.0MB, GPU Allocated: 72.2MB
2026-02-04 07:23:02 [INFO] [45/100] val: Loss/val: 0.0190, Acc/val: 99.40%, F1/val: 92.72%, IoU/val: 86.42%, lr: 0.000723
2026-02-04 07:23:02 [INFO] [45/100] 用时43.99秒。总用时:0.55小时。预计剩余时间:0.68小时
2026-02-04 07:23:44 [INFO] [46/100] train: Loss/train: 0.0191, Acc/train: 99.53%, lr: 0.000706
2026-02-04 07:23:44 [INFO] GPU Reserved: 6788.0MB, GPU Allocated: 72.2MB
2026-02-04 07:23:46 [INFO] [46/100] val: Loss/val: 0.0319, Acc/val: 99.02%, F1/val: 88.77%, IoU/val: 79.80%, lr: 0.000706
2026-02-04 07:23:46 [INFO] [46/100] 用时43.86秒。总用时:0.57小时。预计剩余时间:0.66小时
2026-02-04 07:24:28 [INFO] [47/100] train: Loss/train: 0.0221, Acc/train: 99.48%, lr: 0.000689
2026-02-04 07:24:28 [INFO] GPU Reserved: 6788.0MB, GPU Allocated: 72.2MB
2026-02-04 07:24:30 [INFO] [47/100] val: Loss/val: 0.0517, Acc/val: 98.54%, F1/val: 81.60%, IoU/val: 68.92%, lr: 0.000689
2026-02-04 07:24:30 [INFO] [47/100] 用时43.91秒。总用时:0.58小时。预计剩余时间:0.65小时
2026-02-04 07:25:11 [INFO] [48/100] train: Loss/train: 0.0188, Acc/train: 99.55%, lr: 0.000672
2026-02-04 07:25:11 [INFO] GPU Reserved: 6788.0MB, GPU Allocated: 72.2MB
2026-02-04 07:25:13 [INFO] [48/100] val: Loss/val: 0.0427, Acc/val: 98.87%, F1/val: 86.41%, IoU/val: 76.07%, lr: 0.000672
2026-02-04 07:25:13 [INFO] [48/100] 用时43.46秒。总用时:0.59小时。预计剩余时间:0.64小时
2026-02-04 07:25:55 [INFO] [49/100] train: Loss/train: 0.0146, Acc/train: 99.64%, lr: 0.000655
2026-02-04 07:25:55 [INFO] GPU Reserved: 6788.0MB, GPU Allocated: 72.2MB
2026-02-04 07:25:57 [INFO] [49/100] val: Loss/val: 0.0372, Acc/val: 99.00%, F1/val: 88.28%, IoU/val: 79.02%, lr: 0.000655
2026-02-04 07:25:57 [INFO] [49/100] 用时43.62秒。总用时:0.60小时。预计剩余时间:0.63小时
2026-02-04 07:26:38 [INFO] [50/100] train: Loss/train: 0.0135, Acc/train: 99.68%, lr: 0.000637
2026-02-04 07:26:38 [INFO] GPU Reserved: 6788.0MB, GPU Allocated: 72.2MB
2026-02-04 07:26:40 [INFO] [50/100] val: Loss/val: 0.0340, Acc/val: 99.06%, F1/val: 89.11%, IoU/val: 80.35%, lr: 0.000637
2026-02-04 07:26:40 [INFO] [50/100] 用时43.09秒。总用时:0.61小时。预计剩余时间:0.61小时
2026-02-04 07:27:21 [INFO] [51/100] train: Loss/train: 0.0134, Acc/train: 99.68%, lr: 0.000619
2026-02-04 07:27:21 [INFO] GPU Reserved: 6788.0MB, GPU Allocated: 72.2MB
2026-02-04 07:27:23 [INFO] [51/100] val: Loss/val: 0.0198, Acc/val: 99.38%, F1/val: 92.60%, IoU/val: 86.22%, lr: 0.000619
2026-02-04 07:27:23 [INFO] [51/100] 用时43.40秒。总用时:0.63小时。预计剩余时间:0.60小时
2026-02-04 07:28:05 [INFO] [52/100] train: Loss/train: 0.0130, Acc/train: 99.68%, lr: 0.000601
2026-02-04 07:28:05 [INFO] GPU Reserved: 6788.0MB, GPU Allocated: 72.2MB
2026-02-04 07:28:07 [INFO] [52/100] val: Loss/val: 0.0382, Acc/val: 99.11%, F1/val: 89.57%, IoU/val: 81.11%, lr: 0.000601
2026-02-04 07:28:07 [INFO] [52/100] 用时43.43秒。总用时:0.64小时。预计剩余时间:0.59小时
2026-02-04 07:28:51 [INFO] [53/100] train: Loss/train: 0.0130, Acc/train: 99.68%, lr: 0.000583
2026-02-04 07:28:51 [INFO] GPU Reserved: 6788.0MB, GPU Allocated: 72.2MB
2026-02-04 07:28:53 [INFO] [53/100] val: Loss/val: 0.0296, Acc/val: 99.23%, F1/val: 91.01%, IoU/val: 83.50%, lr: 0.000583
2026-02-04 07:28:53 [INFO] [53/100] 用时46.29秒。总用时:0.65小时。预计剩余时间:0.58小时
2026-02-04 07:29:36 [INFO] [54/100] train: Loss/train: 0.0135, Acc/train: 99.67%, lr: 0.000564
2026-02-04 07:29:36 [INFO] GPU Reserved: 6788.0MB, GPU Allocated: 72.2MB
2026-02-04 07:29:38 [INFO] [54/100] val: Loss/val: 0.0349, Acc/val: 99.15%, F1/val: 89.92%, IoU/val: 81.69%, lr: 0.000564
2026-02-04 07:29:38 [INFO] [54/100] 用时44.93秒。总用时:0.66小时。预计剩余时间:0.57小时
2026-02-04 07:30:20 [INFO] [55/100] train: Loss/train: 0.0125, Acc/train: 99.69%, lr: 0.000546
2026-02-04 07:30:20 [INFO] GPU Reserved: 6788.0MB, GPU Allocated: 72.2MB
2026-02-04 07:30:23 [INFO] [55/100] val: Loss/val: 0.0442, Acc/val: 98.80%, F1/val: 84.55%, IoU/val: 73.23%, lr: 0.000546
2026-02-04 07:30:23 [INFO] [55/100] 用时44.51秒。总用时:0.68小时。预计剩余时间:0.55小时
2026-02-04 07:31:05 [INFO] [56/100] train: Loss/train: 0.0223, Acc/train: 99.45%, lr: 0.000528
2026-02-04 07:31:05 [INFO] GPU Reserved: 6788.0MB, GPU Allocated: 72.2MB
2026-02-04 07:31:07 [INFO] [56/100] val: Loss/val: 0.0207, Acc/val: 99.31%, F1/val: 91.75%, IoU/val: 84.76%, lr: 0.000528
2026-02-04 07:31:07 [INFO] [56/100] 用时44.41秒。总用时:0.69小时。预计剩余时间:0.54小时
2026-02-04 07:31:49 [INFO] [57/100] train: Loss/train: 0.0131, Acc/train: 99.68%, lr: 0.000509
2026-02-04 07:31:49 [INFO] GPU Reserved: 6788.0MB, GPU Allocated: 72.2MB
2026-02-04 07:31:51 [INFO] [57/100] val: Loss/val: 0.0346, Acc/val: 99.10%, F1/val: 89.39%, IoU/val: 80.82%, lr: 0.000509
2026-02-04 07:31:51 [INFO] [57/100] 用时44.11秒。总用时:0.70小时。预计剩余时间:0.53小时
2026-02-04 07:32:33 [INFO] [58/100] train: Loss/train: 0.0129, Acc/train: 99.69%, lr: 0.000491
2026-02-04 07:32:33 [INFO] GPU Reserved: 6788.0MB, GPU Allocated: 72.2MB
2026-02-04 07:32:35 [INFO] [58/100] val: Loss/val: 0.0331, Acc/val: 99.04%, F1/val: 88.87%, IoU/val: 79.97%, lr: 0.000491
2026-02-04 07:32:35 [INFO] [58/100] 用时44.22秒。总用时:0.71小时。预计剩余时间:0.52小时
2026-02-04 07:33:17 [INFO] [59/100] train: Loss/train: 0.0121, Acc/train: 99.70%, lr: 0.000472
2026-02-04 07:33:17 [INFO] GPU Reserved: 6788.0MB, GPU Allocated: 72.2MB
2026-02-04 07:33:19 [INFO] [59/100] val: Loss/val: 0.0269, Acc/val: 99.24%, F1/val: 91.15%, IoU/val: 83.74%, lr: 0.000472
2026-02-04 07:33:19 [INFO] [59/100] 用时44.10秒。总用时:0.72小时。预计剩余时间:0.50小时
2026-02-04 07:34:01 [INFO] [60/100] train: Loss/train: 0.0116, Acc/train: 99.72%, lr: 0.000454
2026-02-04 07:34:01 [INFO] GPU Reserved: 6788.0MB, GPU Allocated: 72.2MB
2026-02-04 07:34:03 [INFO] [60/100] val: Loss/val: 0.0295, Acc/val: 99.18%, F1/val: 90.42%, IoU/val: 82.51%, lr: 0.000454
2026-02-04 07:34:03 [INFO] [60/100] 用时44.02秒。总用时:0.74小时。预计剩余时间:0.49小时
2026-02-04 07:34:45 [INFO] [61/100] train: Loss/train: 0.0112, Acc/train: 99.73%, lr: 0.000436
2026-02-04 07:34:45 [INFO] GPU Reserved: 6788.0MB, GPU Allocated: 72.2MB
2026-02-04 07:34:47 [INFO] [61/100] val: Loss/val: 0.0357, Acc/val: 99.12%, F1/val: 89.53%, IoU/val: 81.05%, lr: 0.000436
2026-02-04 07:34:47 [INFO] [61/100] 用时43.77秒。总用时:0.75小时。预计剩余时间:0.48小时
2026-02-04 07:35:29 [INFO] [62/100] train: Loss/train: 0.0106, Acc/train: 99.74%, lr: 0.000417
2026-02-04 07:35:29 [INFO] GPU Reserved: 6788.0MB, GPU Allocated: 72.2MB
2026-02-04 07:35:31 [INFO] [62/100] val: Loss/val: 0.0245, Acc/val: 99.32%, F1/val: 92.07%, IoU/val: 85.31%, lr: 0.000417
2026-02-04 07:35:31 [INFO] [62/100] 用时43.81秒。总用时:0.76小时。预计剩余时间:0.47小时
2026-02-04 07:36:12 [INFO] [63/100] train: Loss/train: 0.0105, Acc/train: 99.74%, lr: 0.000399
2026-02-04 07:36:12 [INFO] GPU Reserved: 6788.0MB, GPU Allocated: 72.2MB
2026-02-04 07:36:15 [INFO] [63/100] val: Loss/val: 0.0338, Acc/val: 99.17%, F1/val: 90.04%, IoU/val: 81.88%, lr: 0.000399
2026-02-04 07:36:15 [INFO] [63/100] 用时43.55秒。总用时:0.77小时。预计剩余时间:0.45小时
2026-02-04 07:36:56 [INFO] [64/100] train: Loss/train: 0.0102, Acc/train: 99.75%, lr: 0.000381
2026-02-04 07:36:56 [INFO] GPU Reserved: 6788.0MB, GPU Allocated: 72.2MB
2026-02-04 07:36:58 [INFO] [64/100] val: Loss/val: 0.0229, Acc/val: 99.36%, F1/val: 92.30%, IoU/val: 85.69%, lr: 0.000381
2026-02-04 07:36:58 [INFO] [64/100] 用时43.61秒。总用时:0.79小时。预计剩余时间:0.44小时
2026-02-04 07:37:40 [INFO] [65/100] train: Loss/train: 0.0118, Acc/train: 99.71%, lr: 0.000363
2026-02-04 07:37:40 [INFO] GPU Reserved: 6788.0MB, GPU Allocated: 72.2MB
2026-02-04 07:37:42 [INFO] [65/100] val: Loss/val: 0.0302, Acc/val: 99.19%, F1/val: 90.44%, IoU/val: 82.55%, lr: 0.000363
2026-02-04 07:37:42 [INFO] [65/100] 用时43.64秒。总用时:0.80小时。预计剩余时间:0.43小时
2026-02-04 07:38:23 [INFO] [66/100] train: Loss/train: 0.0100, Acc/train: 99.75%, lr: 0.000345
2026-02-04 07:38:23 [INFO] GPU Reserved: 6788.0MB, GPU Allocated: 72.2MB
2026-02-04 07:38:25 [INFO] [66/100] val: Loss/val: 0.0277, Acc/val: 99.28%, F1/val: 91.51%, IoU/val: 84.35%, lr: 0.000345
2026-02-04 07:38:25 [INFO] [66/100] 用时43.50秒。总用时:0.81小时。预计剩余时间:0.42小时
2026-02-04 07:39:06 [INFO] [67/100] train: Loss/train: 0.0097, Acc/train: 99.76%, lr: 0.000328
2026-02-04 07:39:06 [INFO] GPU Reserved: 6788.0MB, GPU Allocated: 72.2MB
2026-02-04 07:39:08 [INFO] [67/100] val: Loss/val: 0.0263, Acc/val: 99.28%, F1/val: 91.46%, IoU/val: 84.27%, lr: 0.000328
2026-02-04 07:39:08 [INFO] [67/100] 用时42.85秒。总用时:0.82小时。预计剩余时间:0.40小时
2026-02-04 07:39:53 [INFO] [68/100] train: Loss/train: 0.0095, Acc/train: 99.76%, lr: 0.000311
2026-02-04 07:39:53 [INFO] GPU Reserved: 6788.0MB, GPU Allocated: 72.2MB
2026-02-04 07:39:55 [INFO] [68/100] val: Loss/val: 0.0360, Acc/val: 99.11%, F1/val: 89.65%, IoU/val: 81.24%, lr: 0.000311
2026-02-04 07:39:55 [INFO] [68/100] 用时46.76秒。总用时:0.83小时。预计剩余时间:0.39小时
2026-02-04 07:40:37 [INFO] [69/100] train: Loss/train: 0.0096, Acc/train: 99.76%, lr: 0.000294
2026-02-04 07:40:37 [INFO] GPU Reserved: 6788.0MB, GPU Allocated: 72.2MB
2026-02-04 07:40:40 [INFO] [69/100] val: Loss/val: 0.0300, Acc/val: 99.25%, F1/val: 91.09%, IoU/val: 83.64%, lr: 0.000294
2026-02-04 07:40:40 [INFO] [69/100] 用时44.65秒。总用时:0.85小时。预计剩余时间:0.38小时
2026-02-04 07:41:22 [INFO] [70/100] train: Loss/train: 0.0092, Acc/train: 99.77%, lr: 0.000277
2026-02-04 07:41:22 [INFO] GPU Reserved: 6788.0MB, GPU Allocated: 72.2MB
2026-02-04 07:41:24 [INFO] [70/100] val: Loss/val: 0.0312, Acc/val: 99.21%, F1/val: 90.63%, IoU/val: 82.87%, lr: 0.000277
2026-02-04 07:41:24 [INFO] [70/100] 用时44.45秒。总用时:0.86小时。预计剩余时间:0.37小时
2026-02-04 07:42:06 [INFO] [71/100] train: Loss/train: 0.0090, Acc/train: 99.77%, lr: 0.000261
2026-02-04 07:42:06 [INFO] GPU Reserved: 6788.0MB, GPU Allocated: 72.2MB
2026-02-04 07:42:08 [INFO] [71/100] val: Loss/val: 0.0312, Acc/val: 99.25%, F1/val: 91.08%, IoU/val: 83.61%, lr: 0.000261
2026-02-04 07:42:08 [INFO] [71/100] 用时44.44秒。总用时:0.87小时。预计剩余时间:0.36小时
2026-02-04 07:42:51 [INFO] [72/100] train: Loss/train: 0.0091, Acc/train: 99.77%, lr: 0.000245
2026-02-04 07:42:51 [INFO] GPU Reserved: 6788.0MB, GPU Allocated: 72.2MB
2026-02-04 07:42:53 [INFO] [72/100] val: Loss/val: 0.0328, Acc/val: 99.16%, F1/val: 89.98%, IoU/val: 81.78%, lr: 0.000245
2026-02-04 07:42:53 [INFO] [72/100] 用时44.17秒。总用时:0.88小时。预计剩余时间:0.34小时
2026-02-04 07:43:35 [INFO] [73/100] train: Loss/train: 0.0089, Acc/train: 99.77%, lr: 0.000229
2026-02-04 07:43:35 [INFO] GPU Reserved: 6788.0MB, GPU Allocated: 72.2MB
2026-02-04 07:43:37 [INFO] [73/100] val: Loss/val: 0.0311, Acc/val: 99.21%, F1/val: 90.74%, IoU/val: 83.04%, lr: 0.000229
2026-02-04 07:43:37 [INFO] [73/100] 用时44.26秒。总用时:0.90小时。预计剩余时间:0.33小时
2026-02-04 07:44:19 [INFO] [74/100] train: Loss/train: 0.0086, Acc/train: 99.78%, lr: 0.000214
2026-02-04 07:44:19 [INFO] GPU Reserved: 6788.0MB, GPU Allocated: 72.2MB
2026-02-04 07:44:21 [INFO] [74/100] val: Loss/val: 0.0363, Acc/val: 99.19%, F1/val: 90.64%, IoU/val: 82.89%, lr: 0.000214
2026-02-04 07:44:21 [INFO] [74/100] 用时44.26秒。总用时:0.91小时。预计剩余时间:0.32小时
2026-02-04 07:45:03 [INFO] [75/100] train: Loss/train: 0.0085, Acc/train: 99.79%, lr: 0.000199
2026-02-04 07:45:03 [INFO] GPU Reserved: 6788.0MB, GPU Allocated: 72.2MB
2026-02-04 07:45:05 [INFO] [75/100] val: Loss/val: 0.0318, Acc/val: 99.21%, F1/val: 90.81%, IoU/val: 83.17%, lr: 0.000199
2026-02-04 07:45:05 [INFO] [75/100] 用时43.91秒。总用时:0.92小时。预计剩余时间:0.31小时
2026-02-04 07:45:47 [INFO] [76/100] train: Loss/train: 0.0091, Acc/train: 99.77%, lr: 0.000184
2026-02-04 07:45:47 [INFO] GPU Reserved: 6788.0MB, GPU Allocated: 72.2MB
2026-02-04 07:45:49 [INFO] [76/100] val: Loss/val: 0.0381, Acc/val: 99.06%, F1/val: 88.82%, IoU/val: 79.90%, lr: 0.000184
2026-02-04 07:45:49 [INFO] [76/100] 用时43.94秒。总用时:0.93小时。预计剩余时间:0.29小时
2026-02-04 07:46:31 [INFO] [77/100] train: Loss/train: 0.0085, Acc/train: 99.79%, lr: 0.000170
2026-02-04 07:46:31 [INFO] GPU Reserved: 6788.0MB, GPU Allocated: 72.2MB
2026-02-04 07:46:33 [INFO] [77/100] val: Loss/val: 0.0428, Acc/val: 99.06%, F1/val: 88.90%, IoU/val: 80.02%, lr: 0.000170
2026-02-04 07:46:33 [INFO] [77/100] 用时43.79秒。总用时:0.95小时。预计剩余时间:0.28小时
2026-02-04 07:47:14 [INFO] [78/100] train: Loss/train: 0.0082, Acc/train: 99.79%, lr: 0.000156
2026-02-04 07:47:14 [INFO] GPU Reserved: 6788.0MB, GPU Allocated: 72.2MB
2026-02-04 07:47:16 [INFO] [78/100] val: Loss/val: 0.0382, Acc/val: 99.12%, F1/val: 89.76%, IoU/val: 81.42%, lr: 0.000156
2026-02-04 07:47:16 [INFO] [78/100] 用时43.68秒。总用时:0.96小时。预计剩余时间:0.27小时
2026-02-04 07:47:58 [INFO] [79/100] train: Loss/train: 0.0083, Acc/train: 99.79%, lr: 0.000143
2026-02-04 07:47:58 [INFO] GPU Reserved: 6788.0MB, GPU Allocated: 72.2MB
2026-02-04 07:48:00 [INFO] [79/100] val: Loss/val: 0.0616, Acc/val: 98.90%, F1/val: 86.58%, IoU/val: 76.34%, lr: 0.000143
2026-02-04 07:48:00 [INFO] [79/100] 用时43.56秒。总用时:0.97小时。预计剩余时间:0.26小时
2026-02-04 07:48:41 [INFO] [80/100] train: Loss/train: 0.0081, Acc/train: 99.79%, lr: 0.000130
2026-02-04 07:48:41 [INFO] GPU Reserved: 6788.0MB, GPU Allocated: 72.2MB
2026-02-04 07:48:43 [INFO] [80/100] val: Loss/val: 0.0530, Acc/val: 98.98%, F1/val: 87.79%, IoU/val: 78.23%, lr: 0.000130
2026-02-04 07:48:43 [INFO] [80/100] 用时43.31秒。总用时:0.98小时。预计剩余时间:0.25小时
2026-02-04 07:49:24 [INFO] [81/100] train: Loss/train: 0.0079, Acc/train: 99.80%, lr: 0.000118
2026-02-04 07:49:24 [INFO] GPU Reserved: 6788.0MB, GPU Allocated: 72.2MB
2026-02-04 07:49:27 [INFO] [81/100] val: Loss/val: 0.0344, Acc/val: 99.20%, F1/val: 90.56%, IoU/val: 82.75%, lr: 0.000118
2026-02-04 07:49:27 [INFO] [81/100] 用时43.22秒。总用时:0.99小时。预计剩余时间:0.23小时
2026-02-04 07:50:08 [INFO] [82/100] train: Loss/train: 0.0077, Acc/train: 99.80%, lr: 0.000107
2026-02-04 07:50:08 [INFO] GPU Reserved: 6788.0MB, GPU Allocated: 72.2MB
2026-02-04 07:50:10 [INFO] [82/100] val: Loss/val: 0.0468, Acc/val: 99.07%, F1/val: 88.89%, IoU/val: 80.00%, lr: 0.000107
2026-02-04 07:50:10 [INFO] [82/100] 用时43.11秒。总用时:1.01小时。预计剩余时间:0.22小时
2026-02-04 07:50:53 [INFO] [83/100] train: Loss/train: 0.0076, Acc/train: 99.80%, lr: 0.000095
2026-02-04 07:50:53 [INFO] GPU Reserved: 6788.0MB, GPU Allocated: 72.2MB
2026-02-04 07:50:55 [INFO] [83/100] val: Loss/val: 0.0451, Acc/val: 99.11%, F1/val: 89.38%, IoU/val: 80.80%, lr: 0.000095
2026-02-04 07:50:55 [INFO] [83/100] 用时45.16秒。总用时:1.02小时。预计剩余时间:0.21小时
2026-02-04 07:51:38 [INFO] [84/100] train: Loss/train: 0.0076, Acc/train: 99.80%, lr: 0.000085
2026-02-04 07:51:38 [INFO] GPU Reserved: 6788.0MB, GPU Allocated: 72.2MB
2026-02-04 07:51:40 [INFO] [84/100] val: Loss/val: 0.0395, Acc/val: 99.15%, F1/val: 89.93%, IoU/val: 81.70%, lr: 0.000085
2026-02-04 07:51:40 [INFO] [84/100] 用时45.39秒。总用时:1.03小时。预计剩余时间:0.20小时
2026-02-04 07:52:23 [INFO] [85/100] train: Loss/train: 0.0075, Acc/train: 99.81%, lr: 0.000075
2026-02-04 07:52:23 [INFO] GPU Reserved: 6788.0MB, GPU Allocated: 72.2MB
2026-02-04 07:52:25 [INFO] [85/100] val: Loss/val: 0.0418, Acc/val: 99.11%, F1/val: 89.45%, IoU/val: 80.91%, lr: 0.000075
2026-02-04 07:52:25 [INFO] [85/100] 用时44.69秒。总用时:1.04小时。预计剩余时间:0.18小时
2026-02-04 07:53:08 [INFO] [86/100] train: Loss/train: 0.0074, Acc/train: 99.81%, lr: 0.000065
2026-02-04 07:53:08 [INFO] GPU Reserved: 6788.0MB, GPU Allocated: 72.2MB
2026-02-04 07:53:10 [INFO] [86/100] val: Loss/val: 0.0412, Acc/val: 99.12%, F1/val: 89.51%, IoU/val: 81.01%, lr: 0.000065
2026-02-04 07:53:10 [INFO] [86/100] 用时44.71秒。总用时:1.06小时。预计剩余时间:0.17小时
2026-02-04 07:53:52 [INFO] [87/100] train: Loss/train: 0.0075, Acc/train: 99.81%, lr: 0.000057
2026-02-04 07:53:52 [INFO] GPU Reserved: 6788.0MB, GPU Allocated: 72.2MB
2026-02-04 07:53:54 [INFO] [87/100] val: Loss/val: 0.0417, Acc/val: 99.11%, F1/val: 89.41%, IoU/val: 80.85%, lr: 0.000057
2026-02-04 07:53:54 [INFO] [87/100] 用时44.27秒。总用时:1.07小时。预计剩余时间:0.16小时
2026-02-04 07:54:36 [INFO] [88/100] train: Loss/train: 0.0074, Acc/train: 99.81%, lr: 0.000048
2026-02-04 07:54:36 [INFO] GPU Reserved: 6788.0MB, GPU Allocated: 72.2MB
2026-02-04 07:54:38 [INFO] [88/100] val: Loss/val: 0.0392, Acc/val: 99.17%, F1/val: 90.22%, IoU/val: 82.18%, lr: 0.000048
2026-02-04 07:54:38 [INFO] [88/100] 用时44.17秒。总用时:1.08小时。预计剩余时间:0.15小时
2026-02-04 07:55:20 [INFO] [89/100] train: Loss/train: 0.0075, Acc/train: 99.80%, lr: 0.000041
2026-02-04 07:55:20 [INFO] GPU Reserved: 6788.0MB, GPU Allocated: 72.2MB
2026-02-04 07:55:22 [INFO] [89/100] val: Loss/val: 0.0430, Acc/val: 99.09%, F1/val: 89.14%, IoU/val: 80.41%, lr: 0.000041
2026-02-04 07:55:22 [INFO] [89/100] 用时44.11秒。总用时:1.09小时。预计剩余时间:0.13小时
2026-02-04 07:56:04 [INFO] [90/100] train: Loss/train: 0.0073, Acc/train: 99.81%, lr: 0.000034
2026-02-04 07:56:04 [INFO] GPU Reserved: 6788.0MB, GPU Allocated: 72.2MB
2026-02-04 07:56:06 [INFO] [90/100] val: Loss/val: 0.0377, Acc/val: 99.15%, F1/val: 89.89%, IoU/val: 81.64%, lr: 0.000034
2026-02-04 07:56:06 [INFO] [90/100] 用时44.13秒。总用时:1.10小时。预计剩余时间:0.12小时
2026-02-04 07:56:48 [INFO] [91/100] train: Loss/train: 0.0073, Acc/train: 99.81%, lr: 0.000027
2026-02-04 07:56:48 [INFO] GPU Reserved: 6788.0MB, GPU Allocated: 72.2MB
2026-02-04 07:56:50 [INFO] [91/100] val: Loss/val: 0.0379, Acc/val: 99.15%, F1/val: 89.96%, IoU/val: 81.75%, lr: 0.000027
2026-02-04 07:56:50 [INFO] [91/100] 用时43.79秒。总用时:1.12小时。预计剩余时间:0.11小时
2026-02-04 07:57:32 [INFO] [92/100] train: Loss/train: 0.0072, Acc/train: 99.81%, lr: 0.000022
2026-02-04 07:57:32 [INFO] GPU Reserved: 6788.0MB, GPU Allocated: 72.2MB
2026-02-04 07:57:34 [INFO] [92/100] val: Loss/val: 0.0464, Acc/val: 99.08%, F1/val: 89.12%, IoU/val: 80.37%, lr: 0.000022
2026-02-04 07:57:34 [INFO] [92/100] 用时43.89秒。总用时:1.13小时。预计剩余时间:0.10小时
2026-02-04 07:58:16 [INFO] [93/100] train: Loss/train: 0.0071, Acc/train: 99.81%, lr: 0.000017
2026-02-04 07:58:16 [INFO] GPU Reserved: 6788.0MB, GPU Allocated: 72.2MB
2026-02-04 07:58:18 [INFO] [93/100] val: Loss/val: 0.0420, Acc/val: 99.11%, F1/val: 89.41%, IoU/val: 80.84%, lr: 0.000017
2026-02-04 07:58:18 [INFO] [93/100] 用时43.74秒。总用时:1.14小时。预计剩余时间:0.09小时
2026-02-04 07:58:59 [INFO] [94/100] train: Loss/train: 0.0071, Acc/train: 99.81%, lr: 0.000012
2026-02-04 07:58:59 [INFO] GPU Reserved: 6788.0MB, GPU Allocated: 72.2MB
2026-02-04 07:59:01 [INFO] [94/100] val: Loss/val: 0.0380, Acc/val: 99.17%, F1/val: 90.27%, IoU/val: 82.26%, lr: 0.000012
2026-02-04 07:59:01 [INFO] [94/100] 用时43.66秒。总用时:1.15小时。预计剩余时间:0.07小时
2026-02-04 07:59:43 [INFO] [95/100] train: Loss/train: 0.0071, Acc/train: 99.81%, lr: 0.000009
2026-02-04 07:59:43 [INFO] GPU Reserved: 6788.0MB, GPU Allocated: 72.2MB
2026-02-04 07:59:45 [INFO] [95/100] val: Loss/val: 0.0418, Acc/val: 99.11%, F1/val: 89.50%, IoU/val: 80.99%, lr: 0.000009
2026-02-04 07:59:45 [INFO] [95/100] 用时43.75秒。总用时:1.17小时。预计剩余时间:0.06小时
2026-02-04 08:00:27 [INFO] [96/100] train: Loss/train: 0.0071, Acc/train: 99.81%, lr: 0.000005
2026-02-04 08:00:27 [INFO] GPU Reserved: 6788.0MB, GPU Allocated: 72.2MB
2026-02-04 08:00:29 [INFO] [96/100] val: Loss/val: 0.0400, Acc/val: 99.14%, F1/val: 89.87%, IoU/val: 81.61%, lr: 0.000005
2026-02-04 08:00:29 [INFO] [96/100] 用时43.51秒。总用时:1.18小时。预计剩余时间:0.05小时
2026-02-04 08:01:10 [INFO] [97/100] train: Loss/train: 0.0071, Acc/train: 99.81%, lr: 0.000003
2026-02-04 08:01:10 [INFO] GPU Reserved: 6788.0MB, GPU Allocated: 72.2MB
2026-02-04 08:01:12 [INFO] [97/100] val: Loss/val: 0.0399, Acc/val: 99.14%, F1/val: 89.82%, IoU/val: 81.52%, lr: 0.000003
2026-02-04 08:01:12 [INFO] [97/100] 用时43.41秒。总用时:1.19小时。预计剩余时间:0.04小时
2026-02-04 08:01:52 [INFO] [98/100] train: Loss/train: 0.0071, Acc/train: 99.82%, lr: 0.000001
2026-02-04 08:01:52 [INFO] GPU Reserved: 6788.0MB, GPU Allocated: 72.2MB
2026-02-04 08:01:55 [INFO] [98/100] val: Loss/val: 0.0429, Acc/val: 99.10%, F1/val: 89.36%, IoU/val: 80.77%, lr: 0.000001
2026-02-04 08:01:55 [INFO] [98/100] 用时42.60秒。总用时:1.20小时。预计剩余时间:0.02小时
2026-02-04 08:02:39 [INFO] [99/100] train: Loss/train: 0.0071, Acc/train: 99.82%, lr: 0.000000
2026-02-04 08:02:39 [INFO] GPU Reserved: 6788.0MB, GPU Allocated: 72.2MB
2026-02-04 08:02:42 [INFO] [99/100] val: Loss/val: 0.0415, Acc/val: 99.12%, F1/val: 89.55%, IoU/val: 81.08%, lr: 0.000000
2026-02-04 08:02:42 [INFO] [99/100] 用时46.85秒。总用时:1.21小时。预计剩余时间:0.01小时
2026-02-04 08:03:24 [INFO] [100/100] train: Loss/train: 0.0071, Acc/train: 99.81%, lr: 0.000000
2026-02-04 08:03:24 [INFO] GPU Reserved: 6788.0MB, GPU Allocated: 72.2MB
2026-02-04 08:03:26 [INFO] [100/100] val: Loss/val: 0.0401, Acc/val: 99.13%, F1/val: 89.68%, IoU/val: 81.30%, lr: 0.000000
2026-02-04 08:03:26 [INFO] [100/100] 用时44.58秒。总用时:1.23小时。预计剩余时间:0.00小时
2026-02-04 08:03:26 [INFO] 总用时: 1.23小时
2026-02-04 08:03:28 [INFO] Best Result:Loss: 0.0188 Acc: 99.47% Pre: 95.99% Rec: 91.77% F1: 93.83% IoU: 88.38%
2026-02-04 08:03:28 [INFO] /home/xulifa/change_detection_experiment/checkpoints/WHU/TALS_CD/0.9281_FinalModel_epoch33_F1_0.9355.pth
